Archive member included because of file (symbol)

contiki-z1.a(er-coap.o)       obj_z1/res-separate.o (coap_serialize_message)
contiki-z1.a(er-coap-engine.)
                              obj_z1/res-separate.o (coap_rest_implementation)
contiki-z1.a(er-coap-transac)
                              contiki-z1.a(er-coap-engine.) (coap_register_as_transaction_handler)
contiki-z1.a(er-coap-observe)
                              contiki-z1.a(er-coap-transac) (coap_remove_observer_by_client)
contiki-z1.a(er-coap-separat)
                              obj_z1/res-separate.o (coap_separate_reject)
contiki-z1.a(er-coap-res-wel)
                              contiki-z1.a(er-coap-engine.) (res_well_known_core)
contiki-z1.a(er-coap-block1.)
                              obj_z1/res-b1-sep-b2.o (coap_block1_handler)
contiki-z1.a(er-coap-observe)
                              contiki-z1.a(er-coap-engine.) (coap_handle_notification)
contiki-z1.a(rest-engine.o)   er-example-server.co (rest_init_engine)
contiki-z1.a(contiki-z1-plat)
                              obj_z1/contiki-z1-main.o (init_platform)
contiki-z1.a(msp430.o)        obj_z1/contiki-z1-main.o (splhigh_)
contiki-z1.a(leds.o)          obj_z1/contiki-z1-main.o (leds_init)
contiki-z1.a(watchdog.o)      obj_z1/contiki-z1-main.o (watchdog_start)
contiki-z1.a(xmem.o)          obj_z1/contiki-z1-main.o (xmem_init)
contiki-z1.a(spi.o)           contiki-z1.a(xmem.o) (spi_init)
contiki-z1.a(cc2420.o)        obj_z1/contiki-z1-main.o (cc2420_set_pan_addr)
contiki-z1.a(cc2420-arch.o)   contiki-z1.a(cc2420.o) (cc2420_arch_init)
contiki-z1.a(node-id.o)       obj_z1/contiki-z1-main.o (node_id_restore)
contiki-z1.a(sensors.o)       er-example-server.co (sensors_event)
contiki-z1.a(button-sensor.o)
                              er-example-server.co (button_sensor)
contiki-z1.a(radio-sensor.o)  er-example-server.co (radio_sensor)
contiki-z1.a(uart0.o)         obj_z1/contiki-z1-main.o (uart0_active)
contiki-z1.a(uart0-putchar.o)
                              obj_z1/res-b1-sep-b2.o (putchar)
contiki-z1.a(battery-sensor.)
                              er-example-server.co (battery_sensor)
contiki-z1.a(sky-sensors.o)   contiki-z1.a(battery-sensor.) (sky_sensors_status)
contiki-z1.a(i2cmaster.o)     er-example-server.co (i2c_receiveinit)
contiki-z1.a(adxl345.o)       obj_z1/contiki-z1-main.o (accm_init)
contiki-z1.a(clock.o)         obj_z1/contiki-z1-main.o (clock_init)
contiki-z1.a(leds-arch.o)     contiki-z1.a(leds.o) (leds_arch_init)
contiki-z1.a(rtimer-arch.o)   obj_z1/contiki-z1-main.o (rtimer_arch_now)
contiki-z1.a(autostart.o)     obj_z1/contiki-z1-main.o (autostart_start)
contiki-z1.a(ctimer.o)        obj_z1/contiki-z1-main.o (ctimer_init)
contiki-z1.a(energest.o)      obj_z1/contiki-z1-main.o (energest_init)
contiki-z1.a(etimer.o)        contiki-z1.a(clock.o) (etimer_request_poll)
contiki-z1.a(process.o)       er-example-server.co (process_current)
contiki-z1.a(rtimer.o)        obj_z1/contiki-z1-main.o (rtimer_init)
contiki-z1.a(timer.o)         contiki-z1.a(button-sensor.o) (timer_set)
contiki-z1.a(list.o)          contiki-z1.a(rest-engine.o) (list_init)
contiki-z1.a(memb.o)          contiki-z1.a(er-coap-transac) (memb_alloc)
contiki-z1.a(random.o)        contiki-z1.a(er-coap.o) (random_rand)
contiki-z1.a(sicslowpan.o)    obj_z1/contiki-z1-main.o (sicslowpan_driver)
contiki-z1.a(uip6.o)          contiki-z1.a(er-coap-engine.) (uip_aligned_buf)
contiki-z1.a(uip-ds6.o)       contiki-z1.a(uip6.o) (uip_ds6_is_addr_onlink)
contiki-z1.a(uip-ds6-nbr.o)   contiki-z1.a(uip-ds6.o) (uip_ds6_neighbors_init)
contiki-z1.a(uip-ds6-route.o)
                              contiki-z1.a(uip-ds6.o) (uip_ds6_route_init)
contiki-z1.a(uip-icmp6.o)     contiki-z1.a(uip6.o) (uip_icmp6_input)
contiki-z1.a(uip-nd6.o)       contiki-z1.a(uip-ds6-nbr.o) (uip_nd6_ns_output)
contiki-z1.a(tcpip.o)         contiki-z1.a(sicslowpan.o) (tcpip_set_outputfunc)
contiki-z1.a(uip-debug.o)     contiki-z1.a(uip-ds6-route.o) (uip_debug_ipaddr_print)
contiki-z1.a(uip-udp-packet.)
                              contiki-z1.a(er-coap.o) (uip_udp_packet_send)
contiki-z1.a(rpl.o)           contiki-z1.a(uip-ds6-nbr.o) (rpl_link_neighbor_callback)
contiki-z1.a(rpl-dag.o)       contiki-z1.a(rpl.o) (default_instance)
contiki-z1.a(rpl-ext-header.)
                              contiki-z1.a(uip6.o) (rpl_verify_header)
contiki-z1.a(rpl-icmp6.o)     contiki-z1.a(rpl.o) (dao_output_target)
contiki-z1.a(rpl-mrhof.o)     contiki-z1.a(rpl.o) (rpl_mrhof)
contiki-z1.a(rpl-timers.o)    contiki-z1.a(rpl.o) (rpl_reset_periodic_timer)
contiki-z1.a(linkaddr.o)      obj_z1/contiki-z1-main.o (linkaddr_copy)
contiki-z1.a(nbr-table.o)     contiki-z1.a(uip-ds6-nbr.o) (nbr_table_register)
contiki-z1.a(packetbuf.o)     contiki-z1.a(cc2420.o) (packetbuf_set_datalen)
contiki-z1.a(queuebuf.o)      obj_z1/contiki-z1-main.o (queuebuf_init)
contiki-z1.a(framer-802154.o)
                              contiki-z1.a(sicslowpan.o) (framer_802154)
[...]
Memory Configuration

Name             Origin             Length             Attributes
sfr              0x00000000         0x00000010
peripheral_8bit  0x00000010         0x000000f0
peripheral_16bit 0x00000100         0x00000100
ram_mirror       0x00000200         0x00000800         xw
infomem          0x00001000         0x00000100
infod            0x00001000         0x00000040
infoc            0x00001040         0x00000040
infob            0x00001080         0x00000040
infoa            0x000010c0         0x00000040
ram              0x00001100         0x00002000         xw
rom              0x00003100         0x0000cebe         xr
vectors          0x0000ffc0         0x00000040
far_rom          0x00010000         0x0000a000
bsl              0x00000000         0x00000000
ram2             0x00000000         0x00000000         xw
usbram           0x00000000         0x00000000         xw
*default*        0x00000000         0xffffffff

Linker script and memory map

LOAD /usr/local/msp430/bin/../lib/gcc/msp430/4.7.0/mcpu-430x/mmpy-16/msr20/mc20/crt0ivtbl32.o
                0x00000041                __P1SEL2 = 0x41
                0x00000045                __P5SEL2 = 0x45
LOAD er-example-server.co
LOAD obj_z1/res-separate.o
LOAD obj_z1/res-sht11.o
LOAD obj_z1/res-push.o
LOAD obj_z1/res-toggle.o
LOAD obj_z1/res-light.o
LOAD obj_z1/res-chunks.o
LOAD obj_z1/res-radio.o
LOAD obj_z1/res-sub.o
LOAD obj_z1/res-event.o
LOAD obj_z1/res-leds.o
LOAD obj_z1/res-tmp.o
LOAD obj_z1/res-hello.o
LOAD obj_z1/res-mirror.o
LOAD obj_z1/res-battery.o
LOAD obj_z1/res-b1-sep-b2.o
LOAD obj_z1/contiki-z1-main.o
LOAD contiki-z1.a
LOAD /usr/local/msp430/bin/../lib/gcc/msp430/4.7.0/mcpu-430x/mmpy-16/msr20/mc20/libgcc.a
LOAD /usr/local/msp430/bin/../lib/gcc/msp430/4.7.0/../../../../msp430/lib/mcpu-430x/mmpy-16/msr20/mc20/libc.a
LOAD /usr/local/msp430/bin/../lib/gcc/msp430/4.7.0/mcpu-430x/mmpy-16/msr20/mc20/libgcc.a
LOAD /usr/local/msp430/bin/../lib/gcc/msp430/4.7.0/mcpu-430x/mmpy-16/msr20/mc20/libcrt0.a
                0x00000040                PROVIDE (__info_segment_size, 0x40)
                0x00001000                PROVIDE (__infod, 0x1000)
                0x00001040                PROVIDE (__infoc, 0x1040)
                0x00001080                PROVIDE (__infob, 0x1080)
                0x000010c0                PROVIDE (__infoa, 0x10c0)
                0x00000000                __IE1 = 0x0
                0x00000002                __IFG1 = 0x2
                0x00000001                __IE2 = 0x1
                0x00000003                __IFG2 = 0x3
                0x00000006                __UC1IE = 0x6
                0x00000007                __UC1IFG = 0x7
                0x000001a0                __ADC12CTL0 = 0x1a0
                0x000001a2                __ADC12CTL1 = 0x1a2
                0x000001a4                __ADC12IFG = 0x1a4
                0x000001a6                __ADC12IE = 0x1a6
                0x000001a8                __ADC12IV = 0x1a8
                0x00000140                __ADC12MEM0 = 0x140
                0x00000142                __ADC12MEM1 = 0x142
                0x00000144                __ADC12MEM2 = 0x144
                0x00000146                __ADC12MEM3 = 0x146
                0x00000148                __ADC12MEM4 = 0x148
                0x0000014a                __ADC12MEM5 = 0x14a
                0x0000014c                __ADC12MEM6 = 0x14c
                0x0000014e                __ADC12MEM7 = 0x14e
                0x00000150                __ADC12MEM8 = 0x150
                0x00000152                __ADC12MEM9 = 0x152
                0x00000154                __ADC12MEM10 = 0x154
                0x00000156                __ADC12MEM11 = 0x156
                0x00000158                __ADC12MEM12 = 0x158
                0x0000015a                __ADC12MEM13 = 0x15a
                0x0000015c                __ADC12MEM14 = 0x15c
                0x0000015e                __ADC12MEM15 = 0x15e
                0x00000080                __ADC12MCTL0 = 0x80
                0x00000081                __ADC12MCTL1 = 0x81
                0x00000082                __ADC12MCTL2 = 0x82
                0x00000083                __ADC12MCTL3 = 0x83
                0x00000084                __ADC12MCTL4 = 0x84
                0x00000085                __ADC12MCTL5 = 0x85
                0x00000086                __ADC12MCTL6 = 0x86
                0x00000087                __ADC12MCTL7 = 0x87
                0x00000088                __ADC12MCTL8 = 0x88
                0x00000089                __ADC12MCTL9 = 0x89
                0x0000008a                __ADC12MCTL10 = 0x8a
                0x0000008b                __ADC12MCTL11 = 0x8b
                0x0000008c                __ADC12MCTL12 = 0x8c
                0x0000008d                __ADC12MCTL13 = 0x8d
                0x0000008e                __ADC12MCTL14 = 0x8e
                0x0000008f                __ADC12MCTL15 = 0x8f
                0x00000056                __DCOCTL = 0x56
                0x00000057                __BCSCTL1 = 0x57
                0x00000058                __BCSCTL2 = 0x58
                0x00000053                __BCSCTL3 = 0x53
                0x00000059                __CACTL1 = 0x59
                0x0000005a                __CACTL2 = 0x5a
                0x0000005b                __CAPD = 0x5b
                0x000001c0                __DAC12_0CTL = 0x1c0
                0x000001c2                __DAC12_1CTL = 0x1c2
                0x000001c8                __DAC12_0DAT = 0x1c8
                0x000001ca                __DAC12_1DAT = 0x1ca
                0x00000122                __DMACTL0 = 0x122
                0x00000124                __DMACTL1 = 0x124
                0x00000126                __DMAIV = 0x126
                0x000001d0                __DMA0CTL = 0x1d0
                0x000001dc                __DMA1CTL = 0x1dc
                0x000001e8                __DMA2CTL = 0x1e8
                0x000001d2                __DMA0SA = 0x1d2
                0x000001d2                __DMA0SAL = 0x1d2
                0x000001d6                __DMA0DA = 0x1d6
                0x000001d6                __DMA0DAL = 0x1d6
                0x000001da                __DMA0SZ = 0x1da
                0x000001de                __DMA1SA = 0x1de
                0x000001de                __DMA1SAL = 0x1de
                0x000001e2                __DMA1DA = 0x1e2
                0x000001e2                __DMA1DAL = 0x1e2
                0x000001e6                __DMA1SZ = 0x1e6
                0x000001ea                __DMA2SA = 0x1ea
                0x000001ea                __DMA2SAL = 0x1ea
                0x000001ee                __DMA2DA = 0x1ee
                0x000001ee                __DMA2DAL = 0x1ee
                0x000001f2                __DMA2SZ = 0x1f2
                0x00000128                __FCTL1 = 0x128
                0x0000012a                __FCTL2 = 0x12a
                0x0000012c                __FCTL3 = 0x12c
                0x000001be                __FCTL4 = 0x1be
                0x00000130                __MPY = 0x130
                0x00000132                __MPYS = 0x132
                0x00000134                __MAC = 0x134
                0x00000136                __MACS = 0x136
                0x00000138                __OP2 = 0x138
                0x0000013a                __RESLO = 0x13a
                0x0000013c                __RESHI = 0x13c
                0x0000013e                __SUMEXT = 0x13e
                0x00000020                __P1IN = 0x20
                0x00000021                __P1OUT = 0x21
                0x00000022                __P1DIR = 0x22
                0x00000023                __P1IFG = 0x23
                0x00000024                __P1IES = 0x24
                0x00000025                __P1IE = 0x25
                0x00000026                __P1SEL = 0x26
                0x00000027                __P1REN = 0x27
                0x00000028                __P2IN = 0x28
                0x00000029                __P2OUT = 0x29
                0x0000002a                __P2DIR = 0x2a
                0x0000002b                __P2IFG = 0x2b
                0x0000002c                __P2IES = 0x2c
                0x0000002d                __P2IE = 0x2d
                0x0000002e                __P2SEL = 0x2e
                0x0000002f                __P2REN = 0x2f
                0x00000018                __P3IN = 0x18
                0x00000019                __P3OUT = 0x19
                0x0000001a                __P3DIR = 0x1a
                0x0000001b                __P3SEL = 0x1b
                0x00000010                __P3REN = 0x10
                0x0000001c                __P4IN = 0x1c
                0x0000001d                __P4OUT = 0x1d
                0x0000001e                __P4DIR = 0x1e
                0x0000001f                __P4SEL = 0x1f
                0x00000011                __P4REN = 0x11
                0x00000030                __P5IN = 0x30
                0x00000031                __P5OUT = 0x31
                0x00000032                __P5DIR = 0x32
                0x00000033                __P5SEL = 0x33
                0x00000012                __P5REN = 0x12
                0x00000034                __P6IN = 0x34
                0x00000035                __P6OUT = 0x35
                0x00000036                __P6DIR = 0x36
                0x00000037                __P6SEL = 0x37
                0x00000013                __P6REN = 0x13
                0x00000038                __P7IN = 0x38
                0x0000003a                __P7OUT = 0x3a
                0x0000003c                __P7DIR = 0x3c
                0x0000003e                __P7SEL = 0x3e
                0x00000014                __P7REN = 0x14
                0x00000039                __P8IN = 0x39
                0x0000003b                __P8OUT = 0x3b
                0x0000003d                __P8DIR = 0x3d
                0x0000003f                __P8SEL = 0x3f
                0x00000015                __P8REN = 0x15
                0x00000038                __PAIN = 0x38
                0x0000003a                __PAOUT = 0x3a
                0x0000003c                __PADIR = 0x3c
                0x0000003e                __PASEL = 0x3e
                0x00000014                __PAREN = 0x14
                0x00000055                __SVSCTL = 0x55
                0x0000012e                __TAIV = 0x12e
                0x00000160                __TACTL = 0x160
                0x00000162                __TACCTL0 = 0x162
                0x00000164                __TACCTL1 = 0x164
                0x00000166                __TACCTL2 = 0x166
                0x00000170                __TAR = 0x170
                0x00000172                __TACCR0 = 0x172
                0x00000174                __TACCR1 = 0x174
                0x00000176                __TACCR2 = 0x176
                0x0000011e                __TBIV = 0x11e
                0x00000180                __TBCTL = 0x180
                0x00000182                __TBCCTL0 = 0x182
                0x00000184                __TBCCTL1 = 0x184
                0x00000186                __TBCCTL2 = 0x186
                0x00000188                __TBCCTL3 = 0x188
                0x0000018a                __TBCCTL4 = 0x18a
                0x0000018c                __TBCCTL5 = 0x18c
                0x0000018e                __TBCCTL6 = 0x18e
                0x00000190                __TBR = 0x190
                0x00000192                __TBCCR0 = 0x192
                0x00000194                __TBCCR1 = 0x194
                0x00000196                __TBCCR2 = 0x196
                0x00000198                __TBCCR3 = 0x198
                0x0000019a                __TBCCR4 = 0x19a
                0x0000019c                __TBCCR5 = 0x19c
                0x0000019e                __TBCCR6 = 0x19e
                0x00000060                __UCA0CTL0 = 0x60
                0x00000061                __UCA0CTL1 = 0x61
                0x00000062                __UCA0BR0 = 0x62
                0x00000063                __UCA0BR1 = 0x63
                0x00000064                __UCA0MCTL = 0x64
                0x00000065                __UCA0STAT = 0x65
                0x00000066                __UCA0RXBUF = 0x66
                0x00000067                __UCA0TXBUF = 0x67
                0x0000005d                __UCA0ABCTL = 0x5d
                0x0000005e                __UCA0IRTCTL = 0x5e
                0x0000005f                __UCA0IRRCTL = 0x5f
                0x00000068                __UCB0CTL0 = 0x68
                0x00000069                __UCB0CTL1 = 0x69
                0x0000006a                __UCB0BR0 = 0x6a
                0x0000006b                __UCB0BR1 = 0x6b
                0x0000006c                __UCB0I2CIE = 0x6c
                0x0000006d                __UCB0STAT = 0x6d
                0x0000006e                __UCB0RXBUF = 0x6e
                0x0000006f                __UCB0TXBUF = 0x6f
                0x00000118                __UCB0I2COA = 0x118
                0x0000011a                __UCB0I2CSA = 0x11a
                0x000000d0                __UCA1CTL0 = 0xd0
                0x000000d1                __UCA1CTL1 = 0xd1
                0x000000d2                __UCA1BR0 = 0xd2
                0x000000d3                __UCA1BR1 = 0xd3
                0x000000d4                __UCA1MCTL = 0xd4
                0x000000d5                __UCA1STAT = 0xd5
                0x000000d6                __UCA1RXBUF = 0xd6
                0x000000d7                __UCA1TXBUF = 0xd7
                0x000000cd                __UCA1ABCTL = 0xcd
                0x000000ce                __UCA1IRTCTL = 0xce
                0x000000cf                __UCA1IRRCTL = 0xcf
                0x000000d8                __UCB1CTL0 = 0xd8
                0x000000d9                __UCB1CTL1 = 0xd9
                0x000000da                __UCB1BR0 = 0xda
                0x000000db                __UCB1BR1 = 0xdb
                0x000000dc                __UCB1I2CIE = 0xdc
                0x000000dd                __UCB1STAT = 0xdd
                0x000000de                __UCB1RXBUF = 0xde
                0x000000df                __UCB1TXBUF = 0xdf
                0x0000017c                __UCB1I2COA = 0x17c
                0x0000017e                __UCB1I2CSA = 0x17e
                0x00000120                __WDTCTL = 0x120
                0x000010c0                __TLV_CHECKSUM = 0x10c0
                0x000010f6                __TLV_DCO_30_TAG = 0x10f6
                0x000010f7                __TLV_DCO_30_LEN = 0x10f7
                0x000010da                __TLV_ADC12_1_TAG = 0x10da
                0x000010db                __TLV_ADC12_1_LEN = 0x10db
                0x000010f8                __CALDCO_16MHZ = 0x10f8
                0x000010f9                __CALBC1_16MHZ = 0x10f9
                0x000010fa                __CALDCO_12MHZ = 0x10fa
                0x000010fb                __CALBC1_12MHZ = 0x10fb
                0x000010fc                __CALDCO_8MHZ = 0x10fc
                0x000010fd                __CALBC1_8MHZ = 0x10fd
                0x000010fe                __CALDCO_1MHZ = 0x10fe
                0x000010ff                __CALBC1_1MHZ = 0x10ff

.hash
 *(.hash)

.dynsym
 *(.dynsym)

.dynstr
 *(.dynstr)

.gnu.version
 *(.gnu.version)

.gnu.version_d
 *(.gnu.version_d)

.gnu.version_r
 *(.gnu.version_r)

.rel.init
 *(.rel.init)

.rela.init
 *(.rela.init)

.rel.fini
 *(.rel.fini)

.rela.fini
 *(.rela.fini)

.rel.text
 *(.rel.text .rel.text.* .rel.gnu.linkonce.t.*)

.rela.text
 *(.rela.text .rela.text.* .rela.gnu.linkonce.t.*)

.rel.rodata
 *(.rel.rodata .rel.rodata.* .rel.gnu.linkonce.r.*)

.rela.rodata
 *(.rela.rodata .rela.rodata.* .rela.gnu.linkonce.r.*)

.rel.data
 *(.rel.data .rel.data.* .rel.gnu.linkonce.d.*)

.rela.data
 *(.rela.data .rela.data.* .rela.gnu.linkonce.d.*)

.rel.bss
 *(.rel.bss .rel.bss.* .rel.gnu.linkonce.b.*)

.rela.bss
 *(.rela.bss .rela.bss.* .rela.gnu.linkonce.b.*)

.rel.ctors
 *(.rel.ctors)

.rela.ctors
 *(.rela.ctors)

.rel.dtors
 *(.rel.dtors)

.rela.dtors
 *(.rela.dtors)

.rel.got
 *(.rel.got)

.rela.got
 *(.rela.got)

.rel.plt
 *(.rel.plt)

.rela.plt
 *(.rela.plt)

.text           0x00003100     0xb67c
                0x00003100                . = ALIGN (0x2)
 *(.init .init.*)
 *(.init0)
 .init0         0x00003100        0x0 /usr/local/msp430/bin/../lib/gcc/msp430/4.7.0/mcpu-430x/mmpy-16/msr20/mc20/libcrt0.a(_reset_vector__.o)
                0x00003100                _reset_vector__
 *(.init1)
 .init1         0x00003100        0xc /usr/local/msp430/bin/../lib/gcc/msp430/4.7.0/mcpu-430x/mmpy-16/msr20/mc20/libcrt0.a(__watchdog_support.o)
                0x00003100                __watchdog_support
 *(.init2)
 .init2         0x0000310c        0x4 /usr/local/msp430/bin/../lib/gcc/msp430/4.7.0/mcpu-430x/mmpy-16/msr20/mc20/libcrt0.a(__init_stack.o)
                0x0000310c                __init_stack
 *(.init3)
 .init3         0x00003110        0x0 /usr/local/msp430/bin/../lib/gcc/msp430/4.7.0/mcpu-430x/mmpy-16/msr20/mc20/libcrt0.a(__low_level_init.o)
                0x00003110                __low_level_init
 *(.init4)
 .init4         0x00003110       0x18 /usr/local/msp430/bin/../lib/gcc/msp430/4.7.0/mcpu-430x/mmpy-16/msr20/mc20/libcrt0.a(_copy_data.o)
                0x00003110                __do_copy_data
 .init4         0x00003128       0x16 /usr/local/msp430/bin/../lib/gcc/msp430/4.7.0/mcpu-430x/mmpy-16/msr20/mc20/libcrt0.a(_clear_bss.o)
                0x00003128                __do_clear_bss
 *(.init5)
 *(.init6)
 *(.init7)
 *(.init8)
 *(.init9)
 .init9         0x0000313e      0x35c obj_z1/contiki-z1-main.o
                0x0000313e                main
 *(.fini9)
 .fini9         0x0000349a        0x0 /usr/local/msp430/bin/../lib/gcc/msp430/4.7.0/mcpu-430x/mmpy-16/msr20/mc20/libcrt0.a(__stop_progExec__.o)
                0x0000349a                __stop_progExec__
 *(.fini8)
 *(.fini7)
 *(.fini6)
 *(.fini5)
 *(.fini4)
 *(.fini3)
 *(.fini2)
 *(.fini1)
 *(.fini0)
 .fini0         0x0000349a        0x6 /usr/local/msp430/bin/../lib/gcc/msp430/4.7.0/mcpu-430x/mmpy-16/msr20/mc20/libcrt0.a(_endless_loop__.o)
                0x0000349a                _endless_loop__
 *(.fini .fini.*)
                0x000034a0                . = ALIGN (0x2)
                0x000034a0                __ctors_start = .
 *(.ctors)
                0x000034a0                __ctors_end = .
                0x000034a0                __dtors_start = .
 *(.dtors)
                0x000034a0                __dtors_end = .
                0x000034a0                . = ALIGN (0x2)
 *(.text .text.* .gnu.linkonce.t.*)
 .text          0x000034a0        0x4 /usr/local/msp430/bin/../lib/gcc/msp430/4.7.0/mcpu-430x/mmpy-16/msr20/mc20/crt0ivtbl32.o
                0x000034a0                __isr_14
                0x000034a0                __isr_4
                0x000034a0                __isr_29
                0x000034a0                __isr_11
                0x000034a0                __isr_5
                0x000034a0                __isr_2
                0x000034a0                __isr_10
                0x000034a0                __isr_7
                0x000034a0                __isr_0
                0x000034a0                __isr_28
                0x000034a0                __isr_8
                0x000034a0                __isr_20
                0x000034a0                __isr_3
                0x000034a0                __isr_12
                0x000034a0                __isr_13
                0x000034a0                __isr_27
                0x000034a0                __isr_9
                0x000034a0                __isr_30
                0x000034a0                __isr_6
                0x000034a0                __isr_22
                0x000034a0                __isr_1
                0x000034a0                __isr_15
                0x000034a0                __isr_21
 .text.libgcc   0x000034a4       0x26 /usr/local/msp430/bin/../lib/gcc/msp430/4.7.0/mcpu-430x/mmpy-16/msr20/mc20/libgcc.a(_mulsi3.o)
                0x000034a4                __mulsi3
 .text.libgcc   0x000034ca       0x22 /usr/local/msp430/bin/../lib/gcc/msp430/4.7.0/mcpu-430x/mmpy-16/msr20/mc20/libgcc.a(_udivmod16.o)
                0x000034ca                __udivhi3
                0x000034ca                __ext_udivmod16
                0x000034e4                __umodhi3
 .text.libgcc   0x000034ec       0x3a /usr/local/msp430/bin/../lib/gcc/msp430/4.7.0/mcpu-430x/mmpy-16/msr20/mc20/libgcc.a(_divmod16.o)
                0x000034ec                __ext_divmod16
                0x000034ec                __divhi3
                0x0000351e                __modhi3
 .text.libgcc   0x00003526       0x38 /usr/local/msp430/bin/../lib/gcc/msp430/4.7.0/mcpu-430x/mmpy-16/msr20/mc20/libgcc.a(_udivmod32.o)
                0x00003526                __udivsi3
                0x00003526                __ext_udivmod32
                0x00003554                __umodsi3
 .text.libgcc   0x0000355e       0x4c /usr/local/msp430/bin/../lib/gcc/msp430/4.7.0/mcpu-430x/mmpy-16/msr20/mc20/libgcc.a(_divmod32.o)
                0x0000355e                __ext_divmod32
                0x0000355e                __divsi3
                0x000035a0                __modsi3
 .text.atoi     0x000035aa       0x82 /usr/local/msp430/bin/../lib/gcc/msp430/4.7.0/../../../../msp430/lib/mcpu-430x/mmpy-16/msr20/mc20/libc.a(atoi.o)
                0x000035aa                atoi
 .text.printf   0x0000362c       0x10 /usr/local/msp430/bin/../lib/gcc/msp430/4.7.0/../../../../msp430/lib/mcpu-430x/mmpy-16/msr20/mc20/libc.a(printf.o)
                0x0000362c                printf
 .text.append   0x0000363c       0x22 /usr/local/msp430/bin/../lib/gcc/msp430/4.7.0/../../../../msp430/lib/mcpu-430x/mmpy-16/msr20/mc20/libc.a(sprintf.o)
 .text.call_vuprintf
                0x0000365e       0x36 /usr/local/msp430/bin/../lib/gcc/msp430/4.7.0/../../../../msp430/lib/mcpu-430x/mmpy-16/msr20/mc20/libc.a(sprintf.o)
 .text.snprintf
                0x00003694       0x1c /usr/local/msp430/bin/../lib/gcc/msp430/4.7.0/../../../../msp430/lib/mcpu-430x/mmpy-16/msr20/mc20/libc.a(sprintf.o)
                0x00003694                snprintf
 .text.print_field
                0x000036b0      0x176 /usr/local/msp430/bin/../lib/gcc/msp430/4.7.0/../../../../msp430/lib/mcpu-430x/mmpy-16/msr20/mc20/libc.a(vuprintf.o)
 .text.vuprintf
                0x00003826      0x74c /usr/local/msp430/bin/../lib/gcc/msp430/4.7.0/../../../../msp430/lib/mcpu-430x/mmpy-16/msr20/mc20/libc.a(vuprintf.o)
                0x00003826                vuprintf
 .text.puts     0x00003f72       0x2c /usr/local/msp430/bin/../lib/gcc/msp430/4.7.0/../../../../msp430/lib/mcpu-430x/mmpy-16/msr20/mc20/libc.a(puts.o)
                0x00003f72                puts
 .text.rand     0x00003f9e       0x26 /usr/local/msp430/bin/../lib/gcc/msp430/4.7.0/../../../../msp430/lib/mcpu-430x/mmpy-16/msr20/mc20/libc.a(rand.o)
                0x00003f9e                rand
 .text.strchr   0x00003fc4       0x16 /usr/local/msp430/bin/../lib/gcc/msp430/4.7.0/../../../../msp430/lib/mcpu-430x/mmpy-16/msr20/mc20/libc.a(strchr.o)
                0x00003fc4                strchr
 .text.memchr   0x00003fda       0x1e /usr/local/msp430/bin/../lib/gcc/msp430/4.7.0/../../../../msp430/lib/mcpu-430x/mmpy-16/msr20/mc20/libc.a(memchr.o)
                0x00003fda                memchr
 .text.strncmp  0x00003ff8       0x2a /usr/local/msp430/bin/../lib/gcc/msp430/4.7.0/../../../../msp430/lib/mcpu-430x/mmpy-16/msr20/mc20/libc.a(strncmp.o)
                0x00003ff8                strncmp
 .text.memcmp   0x00004022       0x2c /usr/local/msp430/bin/../lib/gcc/msp430/4.7.0/../../../../msp430/lib/mcpu-430x/mmpy-16/msr20/mc20/libc.a(memcmp.o)
                0x00004022                memcmp
 .text.strcpy   0x0000404e       0x14 /usr/local/msp430/bin/../lib/gcc/msp430/4.7.0/../../../../msp430/lib/mcpu-430x/mmpy-16/msr20/mc20/libc.a(strcpy.o)
                0x0000404e                strcpy
 .text.memcpy   0x00004062       0xe8 /usr/local/msp430/bin/../lib/gcc/msp430/4.7.0/../../../../msp430/lib/mcpu-430x/mmpy-16/msr20/mc20/libc.a(memcpy.o)
                0x00004062                memcpy
 .text.memmove  0x0000414a       0xe8 /usr/local/msp430/bin/../lib/gcc/msp430/4.7.0/../../../../msp430/lib/mcpu-430x/mmpy-16/msr20/mc20/libc.a(memmove.o)
                0x0000414a                memmove
 .text.memset   0x00004232       0x5c /usr/local/msp430/bin/../lib/gcc/msp430/4.7.0/../../../../msp430/lib/mcpu-430x/mmpy-16/msr20/mc20/libc.a(memset.o)
                0x00004232                memset
 .text.libgcc   0x0000428e       0xbc /usr/local/msp430/bin/../lib/gcc/msp430/4.7.0/mcpu-430x/mmpy-16/msr20/mc20/libgcc.a(_udivmod64.o)
                0x0000428e                __xabi_udivmod64
                0x000042e0                __udivdi3
                0x000042fa                __umoddi3
                0x0000431c                __udivmoddi4
 .text.crt0     0x0000434a        0x2 /usr/local/msp430/bin/../lib/gcc/msp430/4.7.0/mcpu-430x/mmpy-16/msr20/mc20/libcrt0.a(_unexpected_.o)
                0x0000434a                _unexpected_
 *(.near.text .near.text.*)
 .near.text.watchdog_interrupt
                0x0000434c        0x6 contiki-z1.a(watchdog.o)
                0x0000434c                __isr_26
                0x0000434c                watchdog_interrupt
 .near.text.irq_p2
                0x00004352       0x76 contiki-z1.a(button-sensor.o)
                0x00004352                irq_p2
                0x00004352                __isr_19
 .near.text.uart0_rx_interrupt
                0x000043c8       0x64 contiki-z1.a(uart0.o)
                0x000043c8                __isr_23
                0x000043c8                uart0_rx_interrupt
 .near.text.i2c_tx_interrupt
                0x0000442c       0x84 contiki-z1.a(i2cmaster.o)
                0x0000442c                __isr_16
                0x0000442c                i2c_tx_interrupt
 .near.text.i2c_rx_interrupt
                0x000044b0       0x14 contiki-z1.a(i2cmaster.o)
                0x000044b0                i2c_rx_interrupt
                0x000044b0                __isr_17
 .near.text.port1_isr
                0x000044c4       0xbe contiki-z1.a(adxl345.o)
                0x000044c4                port1_isr
                0x000044c4                __isr_18
 .near.text.timera1
                0x00004582      0x10a contiki-z1.a(clock.o)
                0x00004582                __isr_24
                0x00004582                timera1
 .near.text.timera0
                0x0000468c       0x5c contiki-z1.a(rtimer-arch.o)
                0x0000468c                __isr_25
                0x0000468c                timera0
 .any.text.process_thread_er_example_server
                0x000046e8       0xda er-example-server.co
 .any.text.tmp102_init
                0x000047c2       0x2e er-example-server.co
                0x000047c2                tmp102_init
 .any.text.tmp102_read_reg
                0x000047f0       0x5e er-example-server.co
                0x000047f0                tmp102_read_reg
 .any.text.tmp102_read_temp_raw
                0x0000484e        0x8 er-example-server.co
                0x0000484e                tmp102_read_temp_raw
 .any.text.res_get_handler
                0x00004856       0x2a obj_z1/res-separate.o
 .any.text.res_resume_handler
                0x00004880       0x84 obj_z1/res-separate.o
 .any.text.res_periodic_handler
                0x00004904       0x12 obj_z1/res-push.o
 .any.text.res_get_handler
                0x00004916       0x62 obj_z1/res-push.o
 .any.text.res_post_handler
                0x00004978        0x8 obj_z1/res-toggle.o
 .any.text.res_get_handler
                0x00004980      0x114 obj_z1/res-radio.o
 .any.text.res_event_handler
                0x00004a94       0x12 obj_z1/res-event.o
 .any.text.res_get_handler
                0x00004aa6       0x3c obj_z1/res-event.o
 .any.text.res_post_put_handler
                0x00004ae2       0xba obj_z1/res-leds.o
 .any.text.res_get_handler
                0x00004b9c       0xe2 obj_z1/res-tmp.o
 .any.text.res_get_handler
                0x00004c7e       0x78 obj_z1/res-hello.o
 .any.text.res_get_handler
                0x00004cf6       0xaa obj_z1/res-battery.o
 .any.text.coap_parse_int_option
                0x00004da0       0x36 contiki-z1.a(er-coap.o)
 .any.text.coap_get_variable
                0x00004dd6       0x78 contiki-z1.a(er-coap.o)
 .any.text.coap_merge_multi_option
                0x00004e4e       0x3a contiki-z1.a(er-coap.o)
 .any.text.coap_set_option_header
                0x00004e88       0x98 contiki-z1.a(er-coap.o)
 .any.text.coap_serialize_int_option
                0x00004f20       0xbe contiki-z1.a(er-coap.o)
 .any.text.coap_serialize_array_option.part.0
                0x00004fde       0x28 contiki-z1.a(er-coap.o)
 .any.text.coap_serialize_array_option
                0x00005006       0x82 contiki-z1.a(er-coap.o)
 .any.text.coap_init_connection
                0x00005088       0x22 contiki-z1.a(er-coap.o)
                0x00005088                coap_init_connection
 .any.text.coap_get_mid
                0x000050aa        0xc contiki-z1.a(er-coap.o)
                0x000050aa                coap_get_mid
 .any.text.coap_init_message
                0x000050b6       0x24 contiki-z1.a(er-coap.o)
                0x000050b6                coap_init_message
 .any.text.coap_serialize_message
                0x000050da      0x3ba contiki-z1.a(er-coap.o)
                0x000050da                coap_serialize_message
 .any.text.coap_send_message
                0x00005494       0x3e contiki-z1.a(er-coap.o)
                0x00005494                coap_send_message
 .any.text.coap_parse_message
                0x000054d2      0x468 contiki-z1.a(er-coap.o)
                0x000054d2                coap_parse_message
 .any.text.coap_get_query_variable
                0x0000593a       0x1c contiki-z1.a(er-coap.o)
                0x0000593a                coap_get_query_variable
 .any.text.coap_get_post_variable
                0x00005956       0x20 contiki-z1.a(er-coap.o)
                0x00005956                coap_get_post_variable
 .any.text.coap_set_status_code
                0x00005976       0x12 contiki-z1.a(er-coap.o)
                0x00005976                coap_set_status_code
 .any.text.coap_set_token
                0x00005988       0x24 contiki-z1.a(er-coap.o)
                0x00005988                coap_set_token
 .any.text.coap_get_header_content_format
                0x000059ac       0x16 contiki-z1.a(er-coap.o)
                0x000059ac                coap_get_header_content_format
 .any.text.coap_set_header_content_format
                0x000059c2        0xe contiki-z1.a(er-coap.o)
                0x000059c2                coap_set_header_content_format
 .any.text.coap_get_header_accept
                0x000059d0       0x14 contiki-z1.a(er-coap.o)
                0x000059d0                coap_get_header_accept
 .any.text.coap_get_header_max_age
                0x000059e4       0x24 contiki-z1.a(er-coap.o)
                0x000059e4                coap_get_header_max_age
 .any.text.coap_set_header_max_age
                0x00005a08       0x12 contiki-z1.a(er-coap.o)
                0x00005a08                coap_set_header_max_age
 .any.text.coap_set_header_etag
                0x00005a1a       0x2a contiki-z1.a(er-coap.o)
                0x00005a1a                coap_set_header_etag
 .any.text.coap_get_header_if_match
                0x00005a44       0x1a contiki-z1.a(er-coap.o)
                0x00005a44                coap_get_header_if_match
 .any.text.coap_get_header_if_none_match
                0x00005a5e        0xc contiki-z1.a(er-coap.o)
                0x00005a5e                coap_get_header_if_none_match
 .any.text.coap_get_header_uri_host
                0x00005a6a       0x16 contiki-z1.a(er-coap.o)
                0x00005a6a                coap_get_header_uri_host
 .any.text.coap_get_header_uri_path
                0x00005a80       0x16 contiki-z1.a(er-coap.o)
                0x00005a80                coap_get_header_uri_path
 .any.text.coap_get_header_uri_query
                0x00005a96       0x16 contiki-z1.a(er-coap.o)
                0x00005a96                coap_get_header_uri_query
 .any.text.coap_set_header_location_query
                0x00005aac       0x2c contiki-z1.a(er-coap.o)
                0x00005aac                coap_set_header_location_query
 .any.text.coap_set_header_location_path
                0x00005ad8       0x5a contiki-z1.a(er-coap.o)
                0x00005ad8                coap_set_header_location_path
 .any.text.coap_get_header_observe
                0x00005b32       0x1c contiki-z1.a(er-coap.o)
                0x00005b32                coap_get_header_observe
 .any.text.coap_set_header_observe
                0x00005b4e       0x12 contiki-z1.a(er-coap.o)
                0x00005b4e                coap_set_header_observe
 .any.text.coap_get_header_block2
                0x00005b60       0x4c contiki-z1.a(er-coap.o)
                0x00005b60                coap_get_header_block2
 .any.text.coap_set_header_block2
                0x00005bac       0x42 contiki-z1.a(er-coap.o)
                0x00005bac                coap_set_header_block2
 .any.text.coap_set_header_block1
                0x00005bee       0x38 contiki-z1.a(er-coap.o)
                0x00005bee                coap_set_header_block1
 .any.text.coap_get_header_size2
                0x00005c26       0x1c contiki-z1.a(er-coap.o)
                0x00005c26                coap_get_header_size2
 .any.text.coap_set_header_size2
                0x00005c42       0x12 contiki-z1.a(er-coap.o)
                0x00005c42                coap_set_header_size2
 .any.text.coap_get_payload
                0x00005c54       0x1a contiki-z1.a(er-coap.o)
                0x00005c54                coap_get_payload
 .any.text.coap_set_payload
                0x00005c6e       0x16 contiki-z1.a(er-coap.o)
                0x00005c6e                coap_set_payload
 .any.text.coap_set_service_callback
                0x00005c84        0x6 contiki-z1.a(er-coap-engine.)
                0x00005c84                coap_set_service_callback
 .any.text.coap_get_rest_method
                0x00005c8a       0x16 contiki-z1.a(er-coap-engine.)
                0x00005c8a                coap_get_rest_method
 .any.text.process_thread_coap_engine
                0x00005ca0      0x43e contiki-z1.a(er-coap-engine.)
 .any.text.coap_init_engine
                0x000060de        0xc contiki-z1.a(er-coap-engine.)
                0x000060de                coap_init_engine
 .any.text.coap_register_as_transaction_handler
                0x000060ea        0x8 contiki-z1.a(er-coap-transac)
                0x000060ea                coap_register_as_transaction_handler
 .any.text.coap_new_transaction
                0x000060f2       0x46 contiki-z1.a(er-coap-transac)
                0x000060f2                coap_new_transaction
 .any.text.coap_clear_transaction
                0x00006138       0x26 contiki-z1.a(er-coap-transac)
                0x00006138                coap_clear_transaction
 .any.text.coap_send_transaction
                0x0000615e       0xac contiki-z1.a(er-coap-transac)
                0x0000615e                coap_send_transaction
 .any.text.coap_get_transaction_by_mid
                0x0000620a       0x1e contiki-z1.a(er-coap-transac)
                0x0000620a                coap_get_transaction_by_mid
 .any.text.coap_check_transactions
                0x00006228       0x2e contiki-z1.a(er-coap-transac)
                0x00006228                coap_check_transactions
 .any.text.coap_remove_observer
                0x00006256       0x1c contiki-z1.a(er-coap-observe)
                0x00006256                coap_remove_observer
 .any.text.coap_remove_observer_by_client
                0x00006272       0x40 contiki-z1.a(er-coap-observe)
                0x00006272                coap_remove_observer_by_client
 .any.text.coap_remove_observer_by_token
                0x000062b2       0x5e contiki-z1.a(er-coap-observe)
                0x000062b2                coap_remove_observer_by_token
 .any.text.coap_remove_observer_by_uri
                0x00006310       0x6a contiki-z1.a(er-coap-observe)
                0x00006310                coap_remove_observer_by_uri
 .any.text.coap_add_observer
                0x0000637a       0x5c contiki-z1.a(er-coap-observe)
                0x0000637a                coap_add_observer
 .any.text.coap_remove_observer_by_mid
                0x000063d6       0x48 contiki-z1.a(er-coap-observe)
                0x000063d6                coap_remove_observer_by_mid
 .any.text.coap_notify_observers
                0x0000641e       0xdc contiki-z1.a(er-coap-observe)
                0x0000641e                coap_notify_observers
 .any.text.coap_observe_handler
                0x000064fa       0xb6 contiki-z1.a(er-coap-observe)
                0x000064fa                coap_observe_handler
 .any.text.coap_separate_reject
                0x000065b0        0xe contiki-z1.a(er-coap-separat)
                0x000065b0                coap_separate_reject
 .any.text.coap_separate_accept
                0x000065be       0xe0 contiki-z1.a(er-coap-separat)
                0x000065be                coap_separate_accept
 .any.text.coap_separate_resume
                0x0000669e       0x48 contiki-z1.a(er-coap-separat)
                0x0000669e                coap_separate_resume
 .any.text.well_known_core_get_handler
                0x000066e6      0x25a contiki-z1.a(er-coap-res-wel)
                0x000066e6                well_known_core_get_handler
 .any.text.simple_reply
                0x00006940       0x34 contiki-z1.a(er-coap-observe)
 .any.text.classify_notification
                0x00006974       0x5a contiki-z1.a(er-coap-observe)
 .any.text.coap_get_obs_subject_by_token
                0x000069ce       0x4e contiki-z1.a(er-coap-observe)
                0x000069ce                coap_get_obs_subject_by_token
 .any.text.coap_handle_notification
                0x00006a1c       0xbe contiki-z1.a(er-coap-observe)
                0x00006a1c                coap_handle_notification
 .any.text.process_thread_rest_engine_process
                0x00006ada       0xc0 contiki-z1.a(rest-engine.o)
 .any.text.rest_invoke_restful_service
                0x00006b9a      0x11c contiki-z1.a(rest-engine.o)
                0x00006b9a                rest_invoke_restful_service
 .any.text.rest_init_engine
                0x00006cb6       0x26 contiki-z1.a(rest-engine.o)
                0x00006cb6                rest_init_engine
 .any.text.rest_activate_resource
                0x00006cdc       0x3e contiki-z1.a(rest-engine.o)
                0x00006cdc                rest_activate_resource
 .any.text.rest_get_resources
                0x00006d1a        0x6 contiki-z1.a(rest-engine.o)
                0x00006d1a                rest_get_resources
 .any.text.init_platform
                0x00006d20        0xc contiki-z1.a(contiki-z1-plat)
                0x00006d20                init_platform
 .any.text.msp430_init_dco
                0x00006d2c       0x28 contiki-z1.a(msp430.o)
                0x00006d2c                msp430_init_dco
 .any.text.splhigh_
                0x00006d54        0x8 contiki-z1.a(msp430.o)
                0x00006d54                splhigh_
 .any.text.msp430_sync_dco
                0x00006d5c       0x6e contiki-z1.a(msp430.o)
                0x00006d5c                msp430_sync_dco
 .any.text.msp430_cpu_init
                0x00006dca       0x2a contiki-z1.a(msp430.o)
                0x00006dca                msp430_cpu_init
 .any.text.show_leds
                0x00006df4       0xe8 contiki-z1.a(leds.o)
 .any.text.leds_init
                0x00006edc        0xa contiki-z1.a(leds.o)
                0x00006edc                leds_init
 .any.text.leds_on
                0x00006ee6        0xa contiki-z1.a(leds.o)
                0x00006ee6                leds_on
 .any.text.leds_off
                0x00006ef0        0xe contiki-z1.a(leds.o)
                0x00006ef0                leds_off
 .any.text.leds_toggle
                0x00006efe        0xa contiki-z1.a(leds.o)
                0x00006efe                leds_toggle
 .any.text.watchdog_start
                0x00006f08       0x14 contiki-z1.a(watchdog.o)
                0x00006f08                watchdog_start
 .any.text.watchdog_periodic
                0x00006f1c       0x12 contiki-z1.a(watchdog.o)
                0x00006f1c                watchdog_periodic
 .any.text.watchdog_stop
                0x00006f2e       0x16 contiki-z1.a(watchdog.o)
                0x00006f2e                watchdog_stop
 .any.text.watchdog_init
                0x00006f44       0x12 contiki-z1.a(watchdog.o)
                0x00006f44                watchdog_init
 .any.text.wait_ready
                0x00006f56       0x46 contiki-z1.a(xmem.o)
 .any.text.xmem_init
                0x00006f9c       0x1e contiki-z1.a(xmem.o)
                0x00006f9c                xmem_init
 .any.text.xmem_pread
                0x00006fba       0xc2 contiki-z1.a(xmem.o)
                0x00006fba                xmem_pread
 .any.text.spi_init
                0x0000707c       0x32 contiki-z1.a(spi.o)
                0x0000707c                spi_init
 .any.text.get_object
                0x000070ae        0x4 contiki-z1.a(cc2420.o)
 .any.text.set_object
                0x000070b2        0x4 contiki-z1.a(cc2420.o)
 .any.text.strobe
                0x000070b6       0x1a contiki-z1.a(cc2420.o)
 .any.text.getreg
                0x000070d0       0x46 contiki-z1.a(cc2420.o)
 .any.text.setreg
                0x00007116       0x44 contiki-z1.a(cc2420.o)
 .any.text.write_ram
                0x0000715a       0x72 contiki-z1.a(cc2420.o)
 .any.text.write_fifo_buf
                0x000071cc       0x38 contiki-z1.a(cc2420.o)
 .any.text.get_status
                0x00007204       0x1e contiki-z1.a(cc2420.o)
 .any.text.set_txpower
                0x00007222       0x24 contiki-z1.a(cc2420.o)
 .any.text.cc2420_receiving_packet
                0x00007246        0xa contiki-z1.a(cc2420.o)
 .any.text.pending_packet
                0x00007250        0xa contiki-z1.a(cc2420.o)
 .any.text.on   0x0000725a       0x1e contiki-z1.a(cc2420.o)
 .any.text.wait_for_transmission
                0x00007278       0x22 contiki-z1.a(cc2420.o)
 .any.text.wait_for_status
                0x0000729a       0x24 contiki-z1.a(cc2420.o)
 .any.text.getrxdata
                0x000072be       0x4c contiki-z1.a(cc2420.o)
 .any.text.flushrx
                0x0000730a       0x1a contiki-z1.a(cc2420.o)
 .any.text.off  0x00007324       0x52 contiki-z1.a(cc2420.o)
 .any.text.RELEASE_LOCK
                0x00007376       0x28 contiki-z1.a(cc2420.o)
 .any.text.cc2420_prepare
                0x0000739e       0x38 contiki-z1.a(cc2420.o)
 .any.text.cc2420_on
                0x000073d6       0x22 contiki-z1.a(cc2420.o)
                0x000073d6                cc2420_on
 .any.text.cc2420_off
                0x000073f8       0x30 contiki-z1.a(cc2420.o)
                0x000073f8                cc2420_off
 .any.text.cc2420_cca
                0x00007428       0x54 contiki-z1.a(cc2420.o)
 .any.text.cc2420_read
                0x0000747c       0xa8 contiki-z1.a(cc2420.o)
 .any.text.process_thread_cc2420_process
                0x00007524       0x54 contiki-z1.a(cc2420.o)
 .any.text.cc2420_set_channel
                0x00007578       0x3a contiki-z1.a(cc2420.o)
                0x00007578                cc2420_set_channel
 .any.text.cc2420_set_pan_addr
                0x000075b2       0x4c contiki-z1.a(cc2420.o)
                0x000075b2                cc2420_set_pan_addr
 .any.text.cc2420_interrupt
                0x000075fe       0x16 contiki-z1.a(cc2420.o)
                0x000075fe                cc2420_interrupt
 .any.text.cc2420_set_txpower
                0x00007614        0xe contiki-z1.a(cc2420.o)
                0x00007614                cc2420_set_txpower
 .any.text.cc2420_get_txpower
                0x00007622       0x1e contiki-z1.a(cc2420.o)
                0x00007622                cc2420_get_txpower
 .any.text.cc2420_transmit
                0x00007640      0x108 contiki-z1.a(cc2420.o)
 .any.text.cc2420_send
                0x00007748       0x12 contiki-z1.a(cc2420.o)
 .any.text.cc2420_rssi
                0x0000775a       0x48 contiki-z1.a(cc2420.o)
                0x0000775a                cc2420_rssi
 .any.text.get_value
                0x000077a2       0xa8 contiki-z1.a(cc2420.o)
 .any.text.cc2420_set_cca_threshold
                0x0000784a       0x16 contiki-z1.a(cc2420.o)
                0x0000784a                cc2420_set_cca_threshold
 .any.text.set_value
                0x00007860       0x80 contiki-z1.a(cc2420.o)
 .any.text.cc2420_init
                0x000078e0       0xd8 contiki-z1.a(cc2420.o)
                0x000078e0                cc2420_init
 .any.text.cc2420_arch_init
                0x000079b8       0x1a contiki-z1.a(cc2420-arch.o)
                0x000079b8                cc2420_arch_init
 .any.text.node_id_restore
                0x000079d2       0x4c contiki-z1.a(node-id.o)
                0x000079d2                node_id_restore
 .any.text.process_thread_sensors_process
                0x00007a1e       0xc2 contiki-z1.a(sensors.o)
 .any.text.sensors_changed
                0x00007ae0       0x2a contiki-z1.a(sensors.o)
                0x00007ae0                sensors_changed
 .any.text.status
                0x00007b0a       0x18 contiki-z1.a(button-sensor.o)
 .any.text.value
                0x00007b22       0x20 contiki-z1.a(button-sensor.o)
 .any.text.configure
                0x00007b42       0x4e contiki-z1.a(button-sensor.o)
 .any.text.value
                0x00007b90       0x12 contiki-z1.a(radio-sensor.o)
 .any.text.configure
                0x00007ba2       0x12 contiki-z1.a(radio-sensor.o)
 .any.text.status
                0x00007bb4       0x12 contiki-z1.a(radio-sensor.o)
 .any.text.uart0_active
                0x00007bc6        0xe contiki-z1.a(uart0.o)
                0x00007bc6                uart0_active
 .any.text.uart0_writeb
                0x00007bd4       0x16 contiki-z1.a(uart0.o)
                0x00007bd4                uart0_writeb
 .any.text.uart0_init
                0x00007bea       0x40 contiki-z1.a(uart0.o)
                0x00007bea                uart0_init
 .any.text.putchar
                0x00007c2a       0x10 contiki-z1.a(uart0-putchar.o)
                0x00007c2a                putchar
 .any.text.value
                0x00007c3a        0x6 contiki-z1.a(battery-sensor.)
 .any.text.status
                0x00007c40        0xc contiki-z1.a(battery-sensor.)
 .any.text.configure
                0x00007c4c       0x12 contiki-z1.a(battery-sensor.)
 .any.text.sky_sensors_status
                0x00007c5e       0x3c contiki-z1.a(sky-sensors.o)
                0x00007c5e                sky_sensors_status
 .any.text.sky_sensors_configure
                0x00007c9a       0xe6 contiki-z1.a(sky-sensors.o)
                0x00007c9a                sky_sensors_configure
 .any.text.i2c_receiveinit
                0x00007d80       0x36 contiki-z1.a(i2cmaster.o)
                0x00007d80                i2c_receiveinit
 .any.text.i2c_transmitinit
                0x00007db6       0x30 contiki-z1.a(i2cmaster.o)
                0x00007db6                i2c_transmitinit
 .any.text.i2c_receive_n
                0x00007de6       0x3e contiki-z1.a(i2cmaster.o)
                0x00007de6                i2c_receive_n
 .any.text.i2c_busy
                0x00007e24        0xa contiki-z1.a(i2cmaster.o)
                0x00007e24                i2c_busy
 .any.text.i2c_enable
                0x00007e2e       0x22 contiki-z1.a(i2cmaster.o)
                0x00007e2e                i2c_enable
 .any.text.i2c_transmit_n
                0x00007e50       0x14 contiki-z1.a(i2cmaster.o)
                0x00007e50                i2c_transmit_n
 .any.text.accm_write_reg
                0x00007e64       0x2e contiki-z1.a(adxl345.o)
                0x00007e64                accm_write_reg
 .any.text.accm_write_stream
                0x00007e92       0x2a contiki-z1.a(adxl345.o)
                0x00007e92                accm_write_stream
 .any.text.accm_read_reg
                0x00007ebc       0x54 contiki-z1.a(adxl345.o)
                0x00007ebc                accm_read_reg
 .any.text.process_thread_accmeter_process
                0x00007f10       0x56 contiki-z1.a(adxl345.o)
 .any.text.accm_init
                0x00007f66       0x8c contiki-z1.a(adxl345.o)
                0x00007f66                accm_init
 .any.text.clock_time
                0x00007ff2       0x1a contiki-z1.a(clock.o)
                0x00007ff2                clock_time
 .any.text.clock_init
                0x0000800c       0x28 contiki-z1.a(clock.o)
                0x0000800c                clock_init
 .any.text.clock_delay
                0x00008034        0xc contiki-z1.a(clock.o)
                0x00008034                clock_delay
 .any.text.clock_wait
                0x00008040       0x24 contiki-z1.a(clock.o)
                0x00008040                clock_wait
 .any.text.clock_seconds
                0x00008064       0x1a contiki-z1.a(clock.o)
                0x00008064                clock_seconds
 .any.text.leds_arch_init
                0x0000807e        0xe contiki-z1.a(leds-arch.o)
                0x0000807e                leds_arch_init
 .any.text.leds_arch_set
                0x0000808c       0x38 contiki-z1.a(leds-arch.o)
                0x0000808c                leds_arch_set
 .any.text.rtimer_arch_init
                0x000080c4        0xe contiki-z1.a(rtimer-arch.o)
                0x000080c4                rtimer_arch_init
 .any.text.rtimer_arch_now
                0x000080d2        0xe contiki-z1.a(rtimer-arch.o)
                0x000080d2                rtimer_arch_now
 .any.text.rtimer_arch_schedule
                0x000080e0        0x6 contiki-z1.a(rtimer-arch.o)
                0x000080e0                rtimer_arch_schedule
 .any.text.autostart_start
                0x000080e6       0x16 contiki-z1.a(autostart.o)
                0x000080e6                autostart_start
 .any.text.process_thread_ctimer_process
                0x000080fc       0xa0 contiki-z1.a(ctimer.o)
 .any.text.ctimer_init
                0x0000819c       0x18 contiki-z1.a(ctimer.o)
                0x0000819c                ctimer_init
 .any.text.ctimer_set
                0x000081b4       0x48 contiki-z1.a(ctimer.o)
                0x000081b4                ctimer_set
 .any.text.ctimer_reset
                0x000081fc       0x2c contiki-z1.a(ctimer.o)
                0x000081fc                ctimer_reset
 .any.text.ctimer_stop
                0x00008228       0x28 contiki-z1.a(ctimer.o)
                0x00008228                ctimer_stop
 .any.text.energest_init
                0x00008250       0x24 contiki-z1.a(energest.o)
                0x00008250                energest_init
 .any.text.energest_type_time
                0x00008274       0x3c contiki-z1.a(energest.o)
                0x00008274                energest_type_time
 .any.text.energest_type_set
                0x000082b0        0xc contiki-z1.a(energest.o)
                0x000082b0                energest_type_set
 .any.text.energest_flush
                0x000082bc       0x38 contiki-z1.a(energest.o)
                0x000082bc                energest_flush
 .any.text.update_time
                0x000082f4       0x70 contiki-z1.a(etimer.o)
 .any.text.etimer_request_poll
                0x00008364        0xa contiki-z1.a(etimer.o)
                0x00008364                etimer_request_poll
 .any.text.process_thread_etimer_process
                0x0000836e       0xc4 contiki-z1.a(etimer.o)
 .any.text.add_timer
                0x00008432       0x40 contiki-z1.a(etimer.o)
 .any.text.etimer_set
                0x00008472       0x12 contiki-z1.a(etimer.o)
                0x00008472                etimer_set
 .any.text.etimer_reset
                0x00008484       0x12 contiki-z1.a(etimer.o)
                0x00008484                etimer_reset
 .any.text.etimer_restart
                0x00008496       0x12 contiki-z1.a(etimer.o)
                0x00008496                etimer_restart
 .any.text.etimer_expired
                0x000084a8        0xe contiki-z1.a(etimer.o)
                0x000084a8                etimer_expired
 .any.text.etimer_expiration_time
                0x000084b6       0x14 contiki-z1.a(etimer.o)
                0x000084b6                etimer_expiration_time
 .any.text.etimer_pending
                0x000084ca        0xc contiki-z1.a(etimer.o)
                0x000084ca                etimer_pending
 .any.text.etimer_next_expiration_time
                0x000084d6       0x16 contiki-z1.a(etimer.o)
                0x000084d6                etimer_next_expiration_time
 .any.text.etimer_stop
                0x000084ec       0x3e contiki-z1.a(etimer.o)
                0x000084ec                etimer_stop
 .any.text.call_process
                0x0000852a       0x40 contiki-z1.a(process.o)
 .any.text.exit_process
                0x0000856a       0x88 contiki-z1.a(process.o)
 .any.text.do_poll
                0x000085f2       0x30 contiki-z1.a(process.o)
 .any.text.process_alloc_event
                0x00008622        0xe contiki-z1.a(process.o)
                0x00008622                process_alloc_event
 .any.text.process_init
                0x00008630       0x1c contiki-z1.a(process.o)
                0x00008630                process_init
 .any.text.process_run
                0x0000864c       0xa4 contiki-z1.a(process.o)
                0x0000864c                process_run
 .any.text.process_nevents
                0x000086f0        0xe contiki-z1.a(process.o)
                0x000086f0                process_nevents
 .any.text.process_post
                0x000086fe       0x50 contiki-z1.a(process.o)
                0x000086fe                process_post
 .any.text.process_post_synch
                0x0000874e       0x12 contiki-z1.a(process.o)
                0x0000874e                process_post_synch
 .any.text.process_start
                0x00008760       0x36 contiki-z1.a(process.o)
                0x00008760                process_start
 .any.text.process_poll
                0x00008796       0x18 contiki-z1.a(process.o)
                0x00008796                process_poll
 .any.text.rtimer_init
                0x000087ae        0x6 contiki-z1.a(rtimer.o)
                0x000087ae                rtimer_init
 .any.text.rtimer_run_next
                0x000087b4       0x26 contiki-z1.a(rtimer.o)
                0x000087b4                rtimer_run_next
 .any.text.timer_set
                0x000087da       0x1c contiki-z1.a(timer.o)
                0x000087da                timer_set
 .any.text.timer_reset
                0x000087f6        0xe contiki-z1.a(timer.o)
                0x000087f6                timer_reset
 .any.text.timer_restart
                0x00008804       0x14 contiki-z1.a(timer.o)
                0x00008804                timer_restart
 .any.text.timer_expired
                0x00008818       0x2a contiki-z1.a(timer.o)
                0x00008818                timer_expired
 .any.text.list_init
                0x00008842        0x6 contiki-z1.a(list.o)
                0x00008842                list_init
 .any.text.list_head
                0x00008848        0x4 contiki-z1.a(list.o)
                0x00008848                list_head
 .any.text.list_tail
                0x0000884c       0x12 contiki-z1.a(list.o)
                0x0000884c                list_tail
 .any.text.list_remove
                0x0000885e       0x34 contiki-z1.a(list.o)
                0x0000885e                list_remove
 .any.text.list_push
                0x00008892       0x16 contiki-z1.a(list.o)
                0x00008892                list_push
 .any.text.list_add
                0x000088a8       0x26 contiki-z1.a(list.o)
                0x000088a8                list_add
 .any.text.list_length
                0x000088ce       0x10 contiki-z1.a(list.o)
                0x000088ce                list_length
 .any.text.list_item_next
                0x000088de        0xc contiki-z1.a(list.o)
                0x000088de                list_item_next
 .any.text.memb_init
                0x000088ea       0x36 contiki-z1.a(memb.o)
                0x000088ea                memb_init
 .any.text.memb_alloc
                0x00008920       0x3e contiki-z1.a(memb.o)
                0x00008920                memb_alloc
 .any.text.memb_free
                0x0000895e       0x3a contiki-z1.a(memb.o)
                0x0000895e                memb_free
 .any.text.memb_inmemb
                0x00008998       0x2a contiki-z1.a(memb.o)
                0x00008998                memb_inmemb
 .any.text.memb_numfree
                0x000089c2       0x26 contiki-z1.a(memb.o)
                0x000089c2                memb_numfree
 .any.text.random_rand
                0x000089e8        0x6 contiki-z1.a(random.o)
                0x000089e8                random_rand
 .any.text.set_packet_attrs
                0x000089ee       0x46 contiki-z1.a(sicslowpan.o)
 .any.text.addr_context_lookup_by_number
                0x00008a34       0x30 contiki-z1.a(sicslowpan.o)
 .any.text.compress_addr_64
                0x00008a64       0x9a contiki-z1.a(sicslowpan.o)
 .any.text.uncompress_addr
                0x00008afe       0x96 contiki-z1.a(sicslowpan.o)
 .any.text.input
                0x00008b94      0x5e2 contiki-z1.a(sicslowpan.o)
 .any.text.sicslowpan_init
                0x00009176       0x26 contiki-z1.a(sicslowpan.o)
                0x00009176                sicslowpan_init
 .any.text.addr_context_lookup_by_prefix
                0x0000919c       0x4a contiki-z1.a(sicslowpan.o)
 .any.text.packet_sent
                0x000091e6       0x22 contiki-z1.a(sicslowpan.o)
 .any.text.send_packet
                0x00009208       0x1a contiki-z1.a(sicslowpan.o)
 .any.text.output
                0x00009222      0x684 contiki-z1.a(sicslowpan.o)
 .any.text.chksum
                0x000098a6       0x32 contiki-z1.a(uip6.o)
 .any.text.upper_layer_chksum
                0x000098d8       0x56 contiki-z1.a(uip6.o)
 .any.text.ext_hdr_options_process
                0x0000992e       0xc2 contiki-z1.a(uip6.o)
 .any.text.uip_icmp6chksum
                0x000099f0        0xa contiki-z1.a(uip6.o)
                0x000099f0                uip_icmp6chksum
 .any.text.uip_udpchksum
                0x000099fa        0xa contiki-z1.a(uip6.o)
                0x000099fa                uip_udpchksum
 .any.text.uip_init
                0x00009a04       0x36 contiki-z1.a(uip6.o)
                0x00009a04                uip_init
 .any.text.remove_ext_hdr
                0x00009a3a       0x54 contiki-z1.a(uip6.o)
                0x00009a3a                remove_ext_hdr
 .any.text.uip_udp_new
                0x00009a8e       0xb8 contiki-z1.a(uip6.o)
                0x00009a8e                uip_udp_new
 .any.text.uip_process
                0x00009b46      0x48a contiki-z1.a(uip6.o)
                0x00009b46                uip_process
 .any.text.uip_htonl
                0x00009fd0       0x2a contiki-z1.a(uip6.o)
                0x00009fd0                uip_htonl
 .any.text.uip_ds6_list_loop
                0x00009ffa       0x66 contiki-z1.a(uip-ds6.o)
                0x00009ffa                uip_ds6_list_loop
 .any.text.uip_ds6_prefix_add
                0x0000a060       0x70 contiki-z1.a(uip-ds6.o)
                0x0000a060                uip_ds6_prefix_add
 .any.text.uip_ds6_is_addr_onlink
                0x0000a0d0       0x42 contiki-z1.a(uip-ds6.o)
                0x0000a0d0                uip_ds6_is_addr_onlink
 .any.text.uip_ds6_addr_lookup
                0x0000a112       0x2a contiki-z1.a(uip-ds6.o)
                0x0000a112                uip_ds6_addr_lookup
 .any.text.uip_ds6_get_link_local
                0x0000a13c       0x3e contiki-z1.a(uip-ds6.o)
                0x0000a13c                uip_ds6_get_link_local
 .any.text.uip_ds6_maddr_add
                0x0000a17a       0x48 contiki-z1.a(uip-ds6.o)
                0x0000a17a                uip_ds6_maddr_add
 .any.text.uip_ds6_addr_add
                0x0000a1c2       0xb4 contiki-z1.a(uip-ds6.o)
                0x0000a1c2                uip_ds6_addr_add
 .any.text.uip_ds6_maddr_rm
                0x0000a276        0xa contiki-z1.a(uip-ds6.o)
                0x0000a276                uip_ds6_maddr_rm
 .any.text.uip_ds6_maddr_lookup
                0x0000a280       0x2a contiki-z1.a(uip-ds6.o)
                0x0000a280                uip_ds6_maddr_lookup
 .any.text.uip_ds6_addr_rm
                0x0000a2aa       0x54 contiki-z1.a(uip-ds6.o)
                0x0000a2aa                uip_ds6_addr_rm
 .any.text.uip_ds6_periodic
                0x0000a2fe       0x4a contiki-z1.a(uip-ds6.o)
                0x0000a2fe                uip_ds6_periodic
 .any.text.uip_ds6_set_addr_iid
                0x0000a348       0x14 contiki-z1.a(uip-ds6.o)
                0x0000a348                uip_ds6_set_addr_iid
 .any.text.get_match_length
                0x0000a35c       0x3c contiki-z1.a(uip-ds6.o)
                0x0000a35c                get_match_length
 .any.text.uip_ds6_select_src
                0x0000a398       0x9a contiki-z1.a(uip-ds6.o)
                0x0000a398                uip_ds6_select_src
 .any.text.uip_ds6_compute_reachable_time
                0x0000a432       0x36 contiki-z1.a(uip-ds6.o)
                0x0000a432                uip_ds6_compute_reachable_time
 .any.text.uip_ds6_init
                0x0000a468      0x138 contiki-z1.a(uip-ds6.o)
                0x0000a468                uip_ds6_init
 .any.text.uip_ds6_nbr_rm
                0x0000a5a0       0x1a contiki-z1.a(uip-ds6-nbr.o)
                0x0000a5a0                uip_ds6_nbr_rm
 .any.text.uip_ds6_neighbors_init
                0x0000a5ba        0xe contiki-z1.a(uip-ds6-nbr.o)
                0x0000a5ba                uip_ds6_neighbors_init
 .any.text.uip_ds6_nbr_add
                0x0000a5c8       0x54 contiki-z1.a(uip-ds6-nbr.o)
                0x0000a5c8                uip_ds6_nbr_add
 .any.text.uip_ds6_nbr_get_ll
                0x0000a61c        0xc contiki-z1.a(uip-ds6-nbr.o)
                0x0000a61c                uip_ds6_nbr_get_ll
 .any.text.uip_ds6_nbr_lookup
                0x0000a628       0x3e contiki-z1.a(uip-ds6-nbr.o)
                0x0000a628                uip_ds6_nbr_lookup
 .any.text.uip_ds6_nbr_ll_lookup
                0x0000a666        0xc contiki-z1.a(uip-ds6-nbr.o)
                0x0000a666                uip_ds6_nbr_ll_lookup
 .any.text.uip_ds6_nbr_ipaddr_from_lladdr
                0x0000a672        0x6 contiki-z1.a(uip-ds6-nbr.o)
                0x0000a672                uip_ds6_nbr_ipaddr_from_lladdr
 .any.text.uip_ds6_nbr_lladdr_from_ipaddr
                0x0000a678       0x12 contiki-z1.a(uip-ds6-nbr.o)
                0x0000a678                uip_ds6_nbr_lladdr_from_ipaddr
 .any.text.uip_ds6_link_neighbor_callback
                0x0000a68a       0x26 contiki-z1.a(uip-ds6-nbr.o)
                0x0000a68a                uip_ds6_link_neighbor_callback
 .any.text.uip_ds6_neighbor_periodic
                0x0000a6b0      0x11e contiki-z1.a(uip-ds6-nbr.o)
                0x0000a6b0                uip_ds6_neighbor_periodic
 .any.text.call_route_callback
                0x0000a7ce       0x40 contiki-z1.a(uip-ds6-route.o)
 .any.text.uip_ds6_route_init
                0x0000a80e       0x36 contiki-z1.a(uip-ds6-route.o)
                0x0000a80e                uip_ds6_route_init
 .any.text.uip_ds6_route_nexthop
                0x0000a844       0x1a contiki-z1.a(uip-ds6-route.o)
                0x0000a844                uip_ds6_route_nexthop
 .any.text.uip_ds6_route_head
                0x0000a85e        0xa contiki-z1.a(uip-ds6-route.o)
                0x0000a85e                uip_ds6_route_head
 .any.text.uip_ds6_route_next
                0x0000a868        0xe contiki-z1.a(uip-ds6-route.o)
                0x0000a868                uip_ds6_route_next
 .any.text.uip_ds6_route_lookup
                0x0000a876       0x6e contiki-z1.a(uip-ds6-route.o)
                0x0000a876                uip_ds6_route_lookup
 .any.text.uip_ds6_route_rm
                0x0000a8e4       0xa2 contiki-z1.a(uip-ds6-route.o)
                0x0000a8e4                uip_ds6_route_rm
 .any.text.rm_routelist
                0x0000a986       0x34 contiki-z1.a(uip-ds6-route.o)
 .any.text.rm_routelist_callback
                0x0000a9ba        0x6 contiki-z1.a(uip-ds6-route.o)
 .any.text.uip_ds6_route_add
                0x0000a9c0       0xf8 contiki-z1.a(uip-ds6-route.o)
                0x0000a9c0                uip_ds6_route_add
 .any.text.uip_ds6_defrt_rm
                0x0000aab8       0x44 contiki-z1.a(uip-ds6-route.o)
                0x0000aab8                uip_ds6_defrt_rm
 .any.text.uip_ds6_defrt_lookup
                0x0000aafc       0x32 contiki-z1.a(uip-ds6-route.o)
                0x0000aafc                uip_ds6_defrt_lookup
 .any.text.uip_ds6_defrt_add
                0x0000ab2e       0x68 contiki-z1.a(uip-ds6-route.o)
                0x0000ab2e                uip_ds6_defrt_add
 .any.text.uip_ds6_defrt_choose
                0x0000ab96       0x36 contiki-z1.a(uip-ds6-route.o)
                0x0000ab96                uip_ds6_defrt_choose
 .any.text.uip_ds6_defrt_periodic
                0x0000abcc       0x38 contiki-z1.a(uip-ds6-route.o)
                0x0000abcc                uip_ds6_defrt_periodic
 .any.text.echo_reply_input
                0x0000ac04      0x108 contiki-z1.a(uip-icmp6.o)
 .any.text.echo_request_input
                0x0000ad0c      0x128 contiki-z1.a(uip-icmp6.o)
 .any.text.uip_icmp6_input
                0x0000ae34       0x44 contiki-z1.a(uip-icmp6.o)
                0x0000ae34                uip_icmp6_input
 .any.text.uip_icmp6_register_input_handler
                0x0000ae78        0xc contiki-z1.a(uip-icmp6.o)
                0x0000ae78                uip_icmp6_register_input_handler
 .any.text.uip_icmp6_error_output
                0x0000ae84      0x16c contiki-z1.a(uip-icmp6.o)
                0x0000ae84                uip_icmp6_error_output
 .any.text.uip_icmp6_send
                0x0000aff0       0x84 contiki-z1.a(uip-icmp6.o)
                0x0000aff0                uip_icmp6_send
 .any.text.uip_icmp6_init
                0x0000b074       0x12 contiki-z1.a(uip-icmp6.o)
                0x0000b074                uip_icmp6_init
 .any.text.na_input
                0x0000b086      0x1a0 contiki-z1.a(uip-nd6.o)
 .any.text.ns_input
                0x0000b226      0x246 contiki-z1.a(uip-nd6.o)
 .any.text.uip_nd6_ns_output
                0x0000b46c      0x176 contiki-z1.a(uip-nd6.o)
                0x0000b46c                uip_nd6_ns_output
 .any.text.uip_nd6_init
                0x0000b5e2       0x12 contiki-z1.a(uip-nd6.o)
                0x0000b5e2                uip_nd6_init
 .any.text.tcpip_output
                0x0000b5f4       0x10 contiki-z1.a(tcpip.o)
                0x0000b5f4                tcpip_output
 .any.text.tcpip_set_outputfunc
                0x0000b604        0x6 contiki-z1.a(tcpip.o)
                0x0000b604                tcpip_set_outputfunc
 .any.text.udp_new
                0x0000b60a       0x1a contiki-z1.a(tcpip.o)
                0x0000b60a                udp_new
 .any.text.tcpip_input
                0x0000b624       0x16 contiki-z1.a(tcpip.o)
                0x0000b624                tcpip_input
 .any.text.tcpip_ipv6_output
                0x0000b63a      0x14e contiki-z1.a(tcpip.o)
                0x0000b63a                tcpip_ipv6_output
 .any.text.process_thread_tcpip_process
                0x0000b788       0xd0 contiki-z1.a(tcpip.o)
 .any.text.tcpip_uipcall
                0x0000b858       0x2a contiki-z1.a(tcpip.o)
                0x0000b858                tcpip_uipcall
 .any.text.uip_debug_ipaddr_print
                0x0000b882       0x72 contiki-z1.a(uip-debug.o)
                0x0000b882                uip_debug_ipaddr_print
 .any.text.uip_udp_packet_send
                0x0000b8f4       0x2e contiki-z1.a(uip-udp-packet.)
                0x0000b8f4                uip_udp_packet_send
 .any.text.rpl_get_mode
                0x0000b922        0x6 contiki-z1.a(rpl.o)
                0x0000b922                rpl_get_mode
 .any.text.rpl_purge_routes
                0x0000b928       0x96 contiki-z1.a(rpl.o)
                0x0000b928                rpl_purge_routes
 .any.text.rpl_remove_routes
                0x0000b9be       0x22 contiki-z1.a(rpl.o)
                0x0000b9be                rpl_remove_routes
 .any.text.rpl_remove_routes_by_nexthop
                0x0000b9e0       0x3e contiki-z1.a(rpl.o)
                0x0000b9e0                rpl_remove_routes_by_nexthop
 .any.text.rpl_add_route
                0x0000ba1e       0x48 contiki-z1.a(rpl.o)
                0x0000ba1e                rpl_add_route
 .any.text.rpl_link_neighbor_callback
                0x0000ba66       0x74 contiki-z1.a(rpl.o)
                0x0000ba66                rpl_link_neighbor_callback
 .any.text.rpl_ipv6_neighbor_callback
                0x0000bada       0x1e contiki-z1.a(rpl.o)
                0x0000bada                rpl_ipv6_neighbor_callback
 .any.text.rpl_init
                0x0000baf8       0x4a contiki-z1.a(rpl.o)
                0x0000baf8                rpl_init
 .any.text.lollipop_greater_than
                0x0000bb42       0x3c contiki-z1.a(rpl-dag.o)
 .any.text.find_parent_any_dag_any_instance
                0x0000bb7e       0x14 contiki-z1.a(rpl-dag.o)
 .any.text.rpl_set_preferred_parent
                0x0000bb92       0x2c contiki-z1.a(rpl-dag.o)
 .any.text.set_ip_from_prefix
                0x0000bbbe       0x30 contiki-z1.a(rpl-dag.o)
 .any.text.check_prefix
                0x0000bbee       0x70 contiki-z1.a(rpl-dag.o)
 .any.text.rpl_get_nbr
                0x0000bc5e       0x1e contiki-z1.a(rpl-dag.o)
                0x0000bc5e                rpl_get_nbr
 .any.text.rpl_dag_init
                0x0000bc7c        0xe contiki-z1.a(rpl-dag.o)
                0x0000bc7c                rpl_dag_init
 .any.text.rpl_get_parent
                0x0000bc8a        0xc contiki-z1.a(rpl-dag.o)
                0x0000bc8a                rpl_get_parent
 .any.text.rpl_get_parent_ipaddr
                0x0000bc96       0x10 contiki-z1.a(rpl-dag.o)
                0x0000bc96                rpl_get_parent_ipaddr
 .any.text.rpl_set_prefix
                0x0000bca6       0x74 contiki-z1.a(rpl-dag.o)
                0x0000bca6                rpl_set_prefix
 .any.text.rpl_set_default_route
                0x0000bd1a       0x60 contiki-z1.a(rpl-dag.o)
                0x0000bd1a                rpl_set_default_route
 .any.text.rpl_alloc_instance
                0x0000bd7a       0x34 contiki-z1.a(rpl-dag.o)
                0x0000bd7a                rpl_alloc_instance
 .any.text.rpl_add_parent
                0x0000bdae       0x4e contiki-z1.a(rpl-dag.o)
                0x0000bdae                rpl_add_parent
 .any.text.rpl_find_parent
                0x0000bdfc       0x1c contiki-z1.a(rpl-dag.o)
                0x0000bdfc                rpl_find_parent
 .any.text.rpl_find_parent_any_dag
                0x0000be18       0x24 contiki-z1.a(rpl-dag.o)
                0x0000be18                rpl_find_parent_any_dag
 .any.text.rpl_select_parent
                0x0000be3c       0x76 contiki-z1.a(rpl-dag.o)
                0x0000be3c                rpl_select_parent
 .any.text.rpl_select_dag
                0x0000beb2      0x196 contiki-z1.a(rpl-dag.o)
                0x0000beb2                rpl_select_dag
 .any.text.rpl_nullify_parent
                0x0000c048       0x50 contiki-z1.a(rpl-dag.o)
                0x0000c048                rpl_nullify_parent
 .any.text.rpl_remove_parent
                0x0000c098       0x16 contiki-z1.a(rpl-dag.o)
                0x0000c098                rpl_remove_parent
 .any.text.nbr_callback
                0x0000c0ae        0x6 contiki-z1.a(rpl-dag.o)
 .any.text.remove_parents.constprop.5
                0x0000c0b4       0x2e contiki-z1.a(rpl-dag.o)
 .any.text.rpl_move_parent
                0x0000c0e2       0x52 contiki-z1.a(rpl-dag.o)
                0x0000c0e2                rpl_move_parent
 .any.text.rpl_get_any_dag
                0x0000c134       0x16 contiki-z1.a(rpl-dag.o)
                0x0000c134                rpl_get_any_dag
 .any.text.rpl_get_instance
                0x0000c14a       0x16 contiki-z1.a(rpl-dag.o)
                0x0000c14a                rpl_get_instance
 .any.text.rpl_alloc_dag
                0x0000c160       0x60 contiki-z1.a(rpl-dag.o)
                0x0000c160                rpl_alloc_dag
 .any.text.rpl_repair_root
                0x0000c1c0       0x4c contiki-z1.a(rpl-dag.o)
                0x0000c1c0                rpl_repair_root
 .any.text.rpl_find_of
                0x0000c20c       0x10 contiki-z1.a(rpl-dag.o)
                0x0000c20c                rpl_find_of
 .any.text.rpl_join_instance
                0x0000c21c      0x128 contiki-z1.a(rpl-dag.o)
                0x0000c21c                rpl_join_instance
 .any.text.rpl_local_repair
                0x0000c344       0x68 contiki-z1.a(rpl-dag.o)
                0x0000c344                rpl_local_repair
 .any.text.rpl_process_parent_event
                0x0000c3ac       0x6c contiki-z1.a(rpl-dag.o)
                0x0000c3ac                rpl_process_parent_event
 .any.text.rpl_recalculate_ranks
                0x0000c418       0x46 contiki-z1.a(rpl-dag.o)
                0x0000c418                rpl_recalculate_ranks
 .any.text.rpl_add_dag
                0x0000c45e      0x102 contiki-z1.a(rpl-dag.o)
                0x0000c45e                rpl_add_dag
 .any.text.rpl_process_dio
                0x0000c560      0x2e0 contiki-z1.a(rpl-dag.o)
                0x0000c560                rpl_process_dio
 .any.text.rpl_lock_parent
                0x0000c840        0xc contiki-z1.a(rpl-dag.o)
                0x0000c840                rpl_lock_parent
 .any.text.rpl_verify_header
                0x0000c84c       0xae contiki-z1.a(rpl-ext-header.)
                0x0000c84c                rpl_verify_header
 .any.text.rpl_update_header_empty
                0x0000c8fa      0x12a contiki-z1.a(rpl-ext-header.)
                0x0000c8fa                rpl_update_header_empty
 .any.text.rpl_update_header_final
                0x0000ca24       0x90 contiki-z1.a(rpl-ext-header.)
                0x0000ca24                rpl_update_header_final
 .any.text.rpl_invert_header
                0x0000cab4       0x74 contiki-z1.a(rpl-ext-header.)
                0x0000cab4                rpl_invert_header
 .any.text.rpl_insert_header
                0x0000cb28       0x12 contiki-z1.a(rpl-ext-header.)
                0x0000cb28                rpl_insert_header
 .any.text.get32
                0x0000cb3a       0x3e contiki-z1.a(rpl-icmp6.o)
 .any.text.set32
                0x0000cb78       0x2a contiki-z1.a(rpl-icmp6.o)
 .any.text.get16
                0x0000cba2        0xe contiki-z1.a(rpl-icmp6.o)
 .any.text.set16
                0x0000cbb0       0x10 contiki-z1.a(rpl-icmp6.o)
 .any.text.dao_ack_input
                0x0000cbc0        0x6 contiki-z1.a(rpl-icmp6.o)
 .any.text.dio_input
                0x0000cbc6      0x2b0 contiki-z1.a(rpl-icmp6.o)
 .any.text.dis_output
                0x0000ce76       0x50 contiki-z1.a(rpl-icmp6.o)
                0x0000ce76                dis_output
 .any.text.dio_output
                0x0000cec6      0x242 contiki-z1.a(rpl-icmp6.o)
                0x0000cec6                dio_output
 .any.text.dis_input
                0x0000d108       0x28 contiki-z1.a(rpl-icmp6.o)
 .any.text.dao_output_target
                0x0000d130       0xd0 contiki-z1.a(rpl-icmp6.o)
                0x0000d130                dao_output_target
 .any.text.dao_output
                0x0000d200       0x68 contiki-z1.a(rpl-icmp6.o)
                0x0000d200                dao_output
 .any.text.dao_ack_output
                0x0000d268       0x32 contiki-z1.a(rpl-icmp6.o)
                0x0000d268                dao_ack_output
 .any.text.dao_input
                0x0000d29a      0x288 contiki-z1.a(rpl-icmp6.o)
 .any.text.rpl_icmp6_register_handlers
                0x0000d522       0x22 contiki-z1.a(rpl-icmp6.o)
                0x0000d522                rpl_icmp6_register_handlers
 .any.text.reset
                0x0000d544        0x2 contiki-z1.a(rpl-mrhof.o)
 .any.text.update_metric_container
                0x0000d546        0x6 contiki-z1.a(rpl-mrhof.o)
 .any.text.calculate_rank
                0x0000d54c       0x3e contiki-z1.a(rpl-mrhof.o)
 .any.text.neighbor_link_callback
                0x0000d58a       0x8c contiki-z1.a(rpl-mrhof.o)
 .any.text.best_dag
                0x0000d616       0x2e contiki-z1.a(rpl-mrhof.o)
 .any.text.best_parent
                0x0000d644       0x68 contiki-z1.a(rpl-mrhof.o)
 .any.text.new_dio_interval
                0x0000d6ac       0x8a contiki-z1.a(rpl-timers.o)
 .any.text.set_dao_lifetime_timer
                0x0000d736       0x66 contiki-z1.a(rpl-timers.o)
 .any.text.handle_periodic_timer
                0x0000d79c       0x2e contiki-z1.a(rpl-timers.o)
 .any.text.schedule_dao
                0x0000d7ca       0x72 contiki-z1.a(rpl-timers.o)
 .any.text.handle_dio_timer
                0x0000d83c       0x88 contiki-z1.a(rpl-timers.o)
 .any.text.handle_dao_timer
                0x0000d8c4       0x64 contiki-z1.a(rpl-timers.o)
 .any.text.rpl_reset_periodic_timer
                0x0000d928       0x54 contiki-z1.a(rpl-timers.o)
                0x0000d928                rpl_reset_periodic_timer
 .any.text.rpl_reset_dio_timer
                0x0000d97c       0x18 contiki-z1.a(rpl-timers.o)
                0x0000d97c                rpl_reset_dio_timer
 .any.text.rpl_schedule_dao
                0x0000d994        0xc contiki-z1.a(rpl-timers.o)
                0x0000d994                rpl_schedule_dao
 .any.text.rpl_schedule_probing
                0x0000d9a0       0x34 contiki-z1.a(rpl-timers.o)
                0x0000d9a0                rpl_schedule_probing
 .any.text.handle_probing_timer
                0x0000d9d4      0x112 contiki-z1.a(rpl-timers.o)
 .any.text.linkaddr_copy
                0x0000dae6        0x8 contiki-z1.a(linkaddr.o)
                0x0000dae6                linkaddr_copy
 .any.text.linkaddr_cmp
                0x0000daee       0x12 contiki-z1.a(linkaddr.o)
                0x0000daee                linkaddr_cmp
 .any.text.linkaddr_set_node_addr
                0x0000db00        0xc contiki-z1.a(linkaddr.o)
                0x0000db00                linkaddr_set_node_addr
 .any.text.item_from_index
                0x0000db0c       0x2a contiki-z1.a(nbr-table.o)
 .any.text.index_from_key
                0x0000db36       0x26 contiki-z1.a(nbr-table.o)
 .any.text.index_from_item
                0x0000db5c       0x1e contiki-z1.a(nbr-table.o)
 .any.text.nbr_set_bit
                0x0000db7a       0x50 contiki-z1.a(nbr-table.o)
 .any.text.index_from_lladdr
                0x0000dbca       0x3e contiki-z1.a(nbr-table.o)
 .any.text.nbr_get_bit.constprop.0
                0x0000dc08       0x2c contiki-z1.a(nbr-table.o)
 .any.text.nbr_table_register
                0x0000dc34       0x26 contiki-z1.a(nbr-table.o)
                0x0000dc34                nbr_table_register
 .any.text.nbr_table_next
                0x0000dc5a       0x4c contiki-z1.a(nbr-table.o)
                0x0000dc5a                nbr_table_next
 .any.text.nbr_table_head
                0x0000dca6       0x36 contiki-z1.a(nbr-table.o)
                0x0000dca6                nbr_table_head
 .any.text.nbr_table_add_lladdr
                0x0000dcdc      0x110 contiki-z1.a(nbr-table.o)
                0x0000dcdc                nbr_table_add_lladdr
 .any.text.nbr_table_get_from_lladdr
                0x0000ddec       0x28 contiki-z1.a(nbr-table.o)
                0x0000ddec                nbr_table_get_from_lladdr
 .any.text.nbr_table_remove
                0x0000de14       0x2a contiki-z1.a(nbr-table.o)
                0x0000de14                nbr_table_remove
 .any.text.nbr_table_lock
                0x0000de3e       0x10 contiki-z1.a(nbr-table.o)
                0x0000de3e                nbr_table_lock
 .any.text.nbr_table_unlock
                0x0000de4e       0x10 contiki-z1.a(nbr-table.o)
                0x0000de4e                nbr_table_unlock
 .any.text.nbr_table_get_lladdr
                0x0000de5e       0x20 contiki-z1.a(nbr-table.o)
                0x0000de5e                nbr_table_get_lladdr
 .any.text.packetbuf_compact
                0x0000de7e       0x2e contiki-z1.a(packetbuf.o)
                0x0000de7e                packetbuf_compact
 .any.text.packetbuf_copyto
                0x0000deac       0x46 contiki-z1.a(packetbuf.o)
                0x0000deac                packetbuf_copyto
 .any.text.packetbuf_hdrreduce
                0x0000def2       0x1a contiki-z1.a(packetbuf.o)
                0x0000def2                packetbuf_hdrreduce
 .any.text.packetbuf_set_datalen
                0x0000df0c        0x6 contiki-z1.a(packetbuf.o)
                0x0000df0c                packetbuf_set_datalen
 .any.text.packetbuf_dataptr
                0x0000df12        0xe contiki-z1.a(packetbuf.o)
                0x0000df12                packetbuf_dataptr
 .any.text.packetbuf_hdrptr
                0x0000df20        0xa contiki-z1.a(packetbuf.o)
                0x0000df20                packetbuf_hdrptr
 .any.text.packetbuf_datalen
                0x0000df2a        0x6 contiki-z1.a(packetbuf.o)
                0x0000df2a                packetbuf_datalen
 .any.text.packetbuf_hdrlen
                0x0000df30       0x10 contiki-z1.a(packetbuf.o)
                0x0000df30                packetbuf_hdrlen
 .any.text.packetbuf_totlen
                0x0000df40        0xc contiki-z1.a(packetbuf.o)
                0x0000df40                packetbuf_totlen
 .any.text.packetbuf_hdralloc
                0x0000df4c       0x2a contiki-z1.a(packetbuf.o)
                0x0000df4c                packetbuf_hdralloc
 .any.text.packetbuf_attr_clear
                0x0000df76       0x28 contiki-z1.a(packetbuf.o)
                0x0000df76                packetbuf_attr_clear
 .any.text.packetbuf_clear
                0x0000df9e       0x1a contiki-z1.a(packetbuf.o)
                0x0000df9e                packetbuf_clear
 .any.text.packetbuf_copyfrom
                0x0000dfb8       0x2a contiki-z1.a(packetbuf.o)
                0x0000dfb8                packetbuf_copyfrom
 .any.text.packetbuf_attr_copyto
                0x0000dfe2       0x22 contiki-z1.a(packetbuf.o)
                0x0000dfe2                packetbuf_attr_copyto
 .any.text.packetbuf_attr_copyfrom
                0x0000e004       0x24 contiki-z1.a(packetbuf.o)
                0x0000e004                packetbuf_attr_copyfrom
 .any.text.packetbuf_holds_broadcast
                0x0000e028        0xe contiki-z1.a(packetbuf.o)
                0x0000e028                packetbuf_holds_broadcast
 .any.text.queuebuf_init
                0x0000e036       0x12 contiki-z1.a(queuebuf.o)
                0x0000e036                queuebuf_init
 .any.text.queuebuf_numfree
                0x0000e048        0xa contiki-z1.a(queuebuf.o)
                0x0000e048                queuebuf_numfree
 .any.text.queuebuf_new_from_packetbuf
                0x0000e052       0x4e contiki-z1.a(queuebuf.o)
                0x0000e052                queuebuf_new_from_packetbuf
 .any.text.queuebuf_free
                0x0000e0a0       0x2a contiki-z1.a(queuebuf.o)
                0x0000e0a0                queuebuf_free
 .any.text.queuebuf_to_packetbuf
                0x0000e0ca       0x32 contiki-z1.a(queuebuf.o)
                0x0000e0ca                queuebuf_to_packetbuf
 .any.text.create_frame.isra.0
                0x0000e0fc      0x104 contiki-z1.a(framer-802154.o)
 .any.text.create
                0x0000e200        0x8 contiki-z1.a(framer-802154.o)
 .any.text.hdr_length
                0x0000e208        0x8 contiki-z1.a(framer-802154.o)
 .any.text.parse
                0x0000e210       0xa2 contiki-z1.a(framer-802154.o)
 .any.text.framer_canonical_create_and_secure
                0x0000e2b2       0x20 contiki-z1.a(framer.o)
                0x0000e2b2                framer_canonical_create_and_secure
 .any.text.send_packet
                0x0000e2d2        0x6 contiki-z1.a(nullmac.o)
 .any.text.packet_input
                0x0000e2d8        0x6 contiki-z1.a(nullmac.o)
 .any.text.on   0x0000e2de        0x6 contiki-z1.a(nullmac.o)
 .any.text.off  0x0000e2e4        0x6 contiki-z1.a(nullmac.o)
 .any.text.channel_check_interval
                0x0000e2ea        0x4 contiki-z1.a(nullmac.o)
 .any.text.init
                0x0000e2ee        0x2 contiki-z1.a(nullmac.o)
 .any.text.on   0x0000e2f0        0x6 contiki-z1.a(nullrdc.o)
 .any.text.channel_check_interval
                0x0000e2f6        0x4 contiki-z1.a(nullrdc.o)
 .any.text.init
                0x0000e2fa        0x6 contiki-z1.a(nullrdc.o)
 .any.text.off  0x0000e300       0x10 contiki-z1.a(nullrdc.o)
 .any.text.packet_input
                0x0000e310       0x28 contiki-z1.a(nullrdc.o)
 .any.text.send_one_packet
                0x0000e338       0x62 contiki-z1.a(nullrdc.o)
 .any.text.send_list
                0x0000e39a       0x28 contiki-z1.a(nullrdc.o)
 .any.text.send_packet
                0x0000e3c2        0x6 contiki-z1.a(nullrdc.o)
 .any.text.bootstrap
                0x0000e3c8        0x4 contiki-z1.a(nullsec.o)
 .any.text.send
                0x0000e3cc        0xa contiki-z1.a(nullsec.o)
 .any.text.on_frame_created
                0x0000e3d6        0x4 contiki-z1.a(nullsec.o)
 .any.text.input
                0x0000e3da        0x6 contiki-z1.a(nullsec.o)
 .any.text.get_overhead
                0x0000e3e0        0x4 contiki-z1.a(nullsec.o)
 .any.text.stimer_set
                0x0000e3e4       0x1c contiki-z1.a(stimer.o)
                0x0000e3e4                stimer_set
 .any.text.stimer_expired
                0x0000e400       0x30 contiki-z1.a(stimer.o)
                0x0000e400                stimer_expired
 .any.text.field_len
                0x0000e430       0x8c contiki-z1.a(frame802154.o)
 .any.text.frame802154_hdrlen
                0x0000e4bc       0x2e contiki-z1.a(frame802154.o)
                0x0000e4bc                frame802154_hdrlen
 .any.text.frame802154_create
                0x0000e4ea      0x112 contiki-z1.a(frame802154.o)
                0x0000e4ea                frame802154_create
 .any.text.frame802154_parse
                0x0000e5fc      0x16c contiki-z1.a(frame802154.o)
                0x0000e5fc                frame802154_parse
 .any.text.mac_call_sent_callback
                0x0000e768       0x14 contiki-z1.a(mac.o)
                0x0000e768                mac_call_sent_callback

.rodata         0x0000e77c      0x98f
                0x0000e77c                . = ALIGN (0x2)
 *(.rodata .rodata.* .gnu.linkonce.r.*)
 .rodata.process_thread_er_example_server
                0x0000e77c       0x77 er-example-server.co
 *fill*         0x0000e7f3        0x1 00
 .rodata.autostart_processes
                0x0000e7f4        0x4 er-example-server.co
                0x0000e7f4                autostart_processes
 .rodata        0x0000e7f8       0x16 er-example-server.co
 .rodata.res_get_handler
                0x0000e80e        0xb obj_z1/res-separate.o
 .rodata        0x0000e819       0x16 obj_z1/res-separate.o
 .rodata.res_get_handler
                0x0000e82f       0x14 obj_z1/res-push.o
 .rodata        0x0000e843       0x1a obj_z1/res-push.o
 .rodata        0x0000e85d       0x1d obj_z1/res-toggle.o
 .rodata.res_get_handler
                0x0000e87a       0x5e obj_z1/res-radio.o
 .rodata        0x0000e8d8       0x2c obj_z1/res-radio.o
 .rodata.res_get_handler
                0x0000e904        0xa obj_z1/res-event.o
 .rodata        0x0000e90e       0x17 obj_z1/res-event.o
 .rodata.res_post_put_handler
                0x0000e925       0x18 obj_z1/res-leds.o
 .rodata        0x0000e93d       0x3e obj_z1/res-leds.o
 .rodata.res_get_handler
                0x0000e97b       0x65 obj_z1/res-tmp.o
 .rodata        0x0000e9e0       0x2c obj_z1/res-tmp.o
 .rodata.res_get_handler
                0x0000ea0c       0x45 obj_z1/res-hello.o
 .rodata        0x0000ea51       0x28 obj_z1/res-hello.o
 .rodata.res_get_handler
                0x0000ea79       0x4b obj_z1/res-battery.o
 .rodata        0x0000eac4       0x24 obj_z1/res-battery.o
 .rodata        0x0000eae8      0x115 obj_z1/contiki-z1-main.o
 .rodata.coap_serialize_message
                0x0000ebfd       0x2f contiki-z1.a(er-coap.o)
 .rodata.coap_parse_message
                0x0000ec2c       0x5a contiki-z1.a(er-coap.o)
 .rodata        0x0000ec86        0x1 contiki-z1.a(er-coap.o)
 .rodata.process_thread_coap_engine
                0x0000ec87       0x52 contiki-z1.a(er-coap-engine.)
 .rodata        0x0000ecd9       0x14 contiki-z1.a(er-coap-engine.)
 *fill*         0x0000eced        0x1 00
 .rodata.coap_rest_implementation
                0x0000ecee       0xb6 contiki-z1.a(er-coap-engine.)
                0x0000ecee                coap_rest_implementation
 .rodata.coap_observe_handler
                0x0000eda4       0x11 contiki-z1.a(er-coap-observe)
 .rodata.coap_separate_reject
                0x0000edb5        0xd contiki-z1.a(er-coap-separat)
 .rodata.well_known_core_get_handler
                0x0000edc2       0x13 contiki-z1.a(er-coap-res-wel)
 .rodata        0x0000edd5        0x6 contiki-z1.a(er-coap-res-wel)
 .rodata.classify_notification
                0x0000eddb       0x4f contiki-z1.a(er-coap-observe)
 .rodata.coap_get_obs_subject_by_token
                0x0000ee2a       0x1e contiki-z1.a(er-coap-observe)
 .rodata.coap_handle_notification
                0x0000ee48       0xe0 contiki-z1.a(er-coap-observe)
 .rodata        0x0000ef28        0xc contiki-z1.a(rest-engine.o)
 .rodata.get_value
                0x0000ef34       0x38 contiki-z1.a(cc2420.o)
 .rodata.cc2420_driver
                0x0000ef6c       0x38 contiki-z1.a(cc2420.o)
                0x0000ef6c                cc2420_driver
 .rodata        0x0000efa4        0xe contiki-z1.a(cc2420.o)
 .rodata.output_power
                0x0000efb2       0x10 contiki-z1.a(cc2420.o)
 .rodata        0x0000efc2        0x8 contiki-z1.a(sensors.o)
 .rodata        0x0000efca        0x7 contiki-z1.a(button-sensor.o)
 *fill*         0x0000efd1        0x1 00
 .rodata.button_sensor
                0x0000efd2        0xe contiki-z1.a(button-sensor.o)
                0x0000efd2                button_sensor
 .rodata        0x0000efe0        0x6 contiki-z1.a(radio-sensor.o)
 .rodata.radio_sensor
                0x0000efe6        0xe contiki-z1.a(radio-sensor.o)
                0x0000efe6                radio_sensor
 .rodata        0x0000eff4        0x8 contiki-z1.a(battery-sensor.)
 .rodata.battery_sensor
                0x0000effc        0xe contiki-z1.a(battery-sensor.)
                0x0000effc                battery_sensor
 .rodata        0x0000f00a       0x16 contiki-z1.a(adxl345.o)
 .rodata        0x0000f020        0xf contiki-z1.a(ctimer.o)
 .rodata        0x0000f02f        0xc contiki-z1.a(etimer.o)
 .rodata        0x0000f03b        0xb contiki-z1.a(sicslowpan.o)
 .rodata.sicslowpan_driver
                0x0000f046        0xa contiki-z1.a(sicslowpan.o)
                0x0000f046                sicslowpan_driver
 .rodata.llprefix
                0x0000f050        0x2 contiki-z1.a(sicslowpan.o)
                0x0000f050                llprefix
 .rodata.unc_mxconf
                0x0000f052        0x4 contiki-z1.a(sicslowpan.o)
                0x0000f052                unc_mxconf
 .rodata.unc_ctxconf
                0x0000f056        0x4 contiki-z1.a(sicslowpan.o)
                0x0000f056                unc_ctxconf
 .rodata.unc_llconf
                0x0000f05a        0x4 contiki-z1.a(sicslowpan.o)
                0x0000f05a                unc_llconf
 .rodata.ttl_values
                0x0000f05e        0x4 contiki-z1.a(sicslowpan.o)
 .rodata        0x0000f062        0xd contiki-z1.a(tcpip.o)
 .rodata.uip_debug_ipaddr_print
                0x0000f06f       0x15 contiki-z1.a(uip-debug.o)
 .rodata.linkaddr_null
                0x0000f084        0x8 contiki-z1.a(linkaddr.o)
                0x0000f084                linkaddr_null
 .rodata.framer_802154
                0x0000f08c       0x10 contiki-z1.a(framer-802154.o)
                0x0000f08c                framer_802154
 .rodata        0x0000f09c        0x8 contiki-z1.a(nullmac.o)
 .rodata.nullmac_driver
                0x0000f0a4       0x1a contiki-z1.a(nullmac.o)
                0x0000f0a4                nullmac_driver
 .rodata        0x0000f0be        0x8 contiki-z1.a(nullrdc.o)
 .rodata.nullrdc_driver
                0x0000f0c6       0x1e contiki-z1.a(nullrdc.o)
                0x0000f0c6                nullrdc_driver
 .rodata        0x0000f0e4        0x8 contiki-z1.a(nullsec.o)
 .rodata.nullsec_driver
                0x0000f0ec       0x16 contiki-z1.a(nullsec.o)
                0x0000f0ec                nullsec_driver
 .rodata.CSWTCH.5
                0x0000f102        0x2 contiki-z1.a(frame802154.o)
 .rodata.vuprintf
                0x0000f104        0x7 /usr/local/msp430/bin/../lib/gcc/msp430/4.7.0/../../../../msp430/lib/mcpu-430x/mmpy-16/msr20/mc20/libc.a(vuprintf.o)
 *(.near.rodata .near.rodata.*)
                0x0000f10c                . = ALIGN (0x2)
                0x0000f10c                _etext = .

.data           0x00001100      0x27e load address 0x0000f10c
                0x00001100                . = ALIGN (0x2)
                0x00001100                __data_start = .
 *(.data .data.* .gnu.linkonce.d.*)
 .data.er_example_server
                0x00001100        0xc er-example-server.co
                0x00001100                er_example_server
 .data.res_separate